<?xml version="1.0" encoding="UTF-8" standalone="yes" ?>

<inet:Report xmlns:inet="http://www.inetsoftware.de" major_version="10" minor_version="0" major_xml_version="6" minor_xml_version="5" count="3" id="0">
    <Datasource dll="pdsora7.dll" host="concordia:1521:ORAC10" schema="" catalog="" user="MODENADEV" password="" url="">
      <Tablesource alias="AN_LAVORATORE" databaseIdentifier="AN_LAVORATORE">
        <Column name="CDNLAVORATORE" type="6" />
        <Column name="STRCODICEFISCALE" type="11" />
        <Column name="STRCOGNOME" type="11" />
        <Column name="STRNOME" type="11" />
        <Column name="STRSESSO" type="11" />
        <Column name="DATNASC" type="15" />
        <Column name="CODCOMNAS" type="11" />
        <Column name="CODCITTADINANZA" type="11" />
        <Column name="CODCITTADINANZA2" type="11" />
        <Column name="CODSTATOCIVILE" type="11" />
        <Column name="FLGMILITE" type="11" />
        <Column name="CODCOMRES" type="11" />
        <Column name="NUMFIGLI" type="6" />
        <Column name="STRINDIRIZZORES" type="11" />
        <Column name="STRLOCALITARES" type="11" />
        <Column name="STRCAPRES" type="11" />
        <Column name="CODCOMDOM" type="11" />
        <Column name="STRINDIRIZZODOM" type="11" />
        <Column name="STRLOCALITADOM" type="11" />
        <Column name="STRCAPDOM" type="11" />
        <Column name="CODCOMREC" type="11" />
        <Column name="STRINDIRIZZOREC" type="11" />
        <Column name="STRLOCALITAREC" type="11" />
        <Column name="STRCAPREC" type="11" />
        <Column name="STRTELRES" type="11" />
        <Column name="STRTELDOM" type="11" />
        <Column name="STRTELALTRO" type="11" />
        <Column name="STRCELL" type="11" />
        <Column name="STREMAIL" type="11" />
        <Column name="STRFAX" type="11" />
        <Column name="STRNOTE" type="11" />
        <Column name="FLGCFOK" type="11" />
        <Column name="CDNUTINS" type="6" />
        <Column name="DTMINS" type="15" />
        <Column name="CDNUTMOD" type="6" />
        <Column name="DTMMOD" type="15" />
        <Column name="NUMKLOLAVORATORE" type="6" />
        <Column name="FLGINVIOSMS" type="11" />
        <Column name="DATINVIOSMS" type="15" />
      </Tablesource>
      <Tablesource alias="AN_LAV_STORIA_INF" databaseIdentifier="AN_LAV_STORIA_INF">
        <Column name="PRGLAVSTORIAINF" type="6" />
        <Column name="CDNLAVORATORE" type="6" />
        <Column name="DATINIZIO" type="15" />
        <Column name="CODCPITIT" type="11" />
        <Column name="CODMONOTIPOCPI" type="11" />
        <Column name="CODCOMDOM" type="11" />
        <Column name="STRCODICEFISCALEOLD" type="11" />
        <Column name="CDNUTMODSCHEDAANAGPROF" type="6" />
        <Column name="DTMMODSCHEDAANAGPROF" type="15" />
        <Column name="CODMONOTIPOORIG" type="11" />
        <Column name="DATTRASFERIMENTO" type="15" />
        <Column name="CODCPIORIG" type="11" />
        <Column name="DATDICHIARAZIONE" type="15" />
        <Column name="FLG181" type="11" />
        <Column name="DATANZIANITADISOC" type="15" />
        <Column name="NUMANZIANITAPREC297" type="6" />
        <Column name="NUMMESISOSP" type="6" />
        <Column name="FLGCESSATO" type="11" />
        <Column name="CODMOTIVOCESSATO" type="11" />
        <Column name="CODSTATOOCCUPAZORIG" type="11" />
        <Column name="CODLAVFLAG" type="11" />
        <Column name="CODSTATOOCCUPAZDERIVATODAPRO" type="11" />
        <Column name="STRCHIAVETABELLAPROLABOR" type="11" />
        <Column name="DATCHIAVETABELLAPROLABOR" type="15" />
        <Column name="STRNOMETABELLAPROLABOR" type="11" />
        <Column name="DATFINE" type="15" />
        <Column name="STRNOTE" type="11" />
        <Column name="CDNUTINS" type="6" />
        <Column name="DTMINS" type="15" />
        <Column name="CDNUTMOD" type="6" />
        <Column name="DTMMOD" type="15" />
        <Column name="NUMKLOLAVSTORIAINF" type="6" />
        <Column name="CODMONOCALCOLOANZIANITAPREC297" type="11" />
        <Column name="DATCALCOLOANZIANITA" type="15" />
        <Column name="DATCALCOLOMESISOSP" type="15" />
        <Column name="FLGSTAMPATRASF" type="11" />
        <Column name="FLGSTAMPADOC" type="11" />
        <Column name="CODCPIORIGPREC" type="11" />
      </Tablesource>
      <Tablesource alias="DE_CPI_TIT" databaseIdentifier="DE_CPI">
        <Column name="CODCPI" type="11" />
        <Column name="STRDESCRIZIONE" type="11" />
        <Column name="STRINDIRIZZO" type="11" />
        <Column name="STRLOCALITA" type="11" />
        <Column name="STRCAP" type="11" />
        <Column name="CODCOM" type="11" />
        <Column name="CODPROVINCIA" type="11" />
        <Column name="STRTEL" type="11" />
        <Column name="STRFAX" type="11" />
        <Column name="STREMAIL" type="11" />
        <Column name="STRORARIO" type="11" />
        <Column name="STRNOTE" type="11" />
        <Column name="DATINIZIOVAL" type="15" />
        <Column name="DATFINEVAL" type="15" />
        <Column name="NUMKLOCPI" type="6" />
        <Column name="STRRESPONSABILE" type="11" />
        <Column name="CODMONOTIPOFILE" type="11" />
        <Column name="STREMAILMIGRAZIONE" type="11" />
        <Column name="STRINDIRIZZOSTAMPA" type="11" />
        <Column name="FLGMOVORIGMIGR" type="11" />
        <Column name="STRRIFSMS" type="11" />
        <Column name="STREMAILRIFCL" type="11" />
        <Column name="STRTELRIFCL" type="11" />
        <Column name="STREMAILPORTALE" type="11" />
        <Column name="CODINTERMEDIARIOCL" type="11" />
        <Column name="CODCPIMIN" type="11" />
        <Column name="STRDESCRIZIONEMIN" type="11" />
      </Tablesource>
      <Tablesource alias="DE_CPI_ORIG" databaseIdentifier="DE_CPI">
        <Column name="CODCPI" type="11" />
        <Column name="STRDESCRIZIONE" type="11" />
        <Column name="STRINDIRIZZO" type="11" />
        <Column name="STRLOCALITA" type="11" />
        <Column name="STRCAP" type="11" />
        <Column name="CODCOM" type="11" />
        <Column name="CODPROVINCIA" type="11" />
        <Column name="STRTEL" type="11" />
        <Column name="STRFAX" type="11" />
        <Column name="STREMAIL" type="11" />
        <Column name="STRORARIO" type="11" />
        <Column name="STRNOTE" type="11" />
        <Column name="DATINIZIOVAL" type="15" />
        <Column name="DATFINEVAL" type="15" />
        <Column name="NUMKLOCPI" type="6" />
        <Column name="STRRESPONSABILE" type="11" />
        <Column name="CODMONOTIPOFILE" type="11" />
        <Column name="STREMAILMIGRAZIONE" type="11" />
        <Column name="STRINDIRIZZOSTAMPA" type="11" />
        <Column name="FLGMOVORIGMIGR" type="11" />
        <Column name="STRRIFSMS" type="11" />
        <Column name="STREMAILRIFCL" type="11" />
        <Column name="STRTELRIFCL" type="11" />
        <Column name="STREMAILPORTALE" type="11" />
        <Column name="CODINTERMEDIARIOCL" type="11" />
        <Column name="CODCPIMIN" type="11" />
        <Column name="STRDESCRIZIONEMIN" type="11" />
      </Tablesource>
      <Tablesource alias="DE_PROVINCIA" databaseIdentifier="DE_PROVINCIA">
        <Column name="CODPROVINCIA" type="11" />
        <Column name="STRDENOMINAZIONE" type="11" />
        <Column name="STRTARGA" type="11" />
        <Column name="STRISTAT" type="11" />
        <Column name="CODREGIONE" type="11" />
        <Column name="DATINIZIOVAL" type="15" />
        <Column name="DATFINEVAL" type="15" />
        <Column name="NUMKLOPROVINCIA" type="6" />
        <Column name="STRDIRCOORDINATORE" type="11" />
        <Column name="STRRESPONSABILEUO" type="11" />
        <Column name="STRINDIRIZZOPOLO" type="11" />
        <Column name="CODCPICAPOLUOGO" type="11" />
        <Column name="CODMIN" type="11" />
        <Column name="STRINTESTAZIONESTAMPA" type="11" />
      </Tablesource>
      <Tablesource alias="DE_COMUNE_NASC" databaseIdentifier="DE_COMUNE">
        <Column name="CODCOM" type="11" />
        <Column name="STRDENOMINAZIONE" type="11" />
        <Column name="STRCAP" type="11" />
        <Column name="CODCPI" type="11" />
        <Column name="CODPROVINCIA" type="11" />
        <Column name="NUMMESIMOBEXCASSAMEZZ" type="6" />
        <Column name="DATINIZIOVAL" type="15" />
        <Column name="DATFINEVAL" type="15" />
        <Column name="NUMKLOCOMUNE" type="6" />
        <Column name="CODISTAT" type="11" />
        <Column name="CODCOMMONTANA" type="11" />
      </Tablesource>
      <Tablesource alias="DE_CITTADINANZA" databaseIdentifier="DE_CITTADINANZA">
        <Column name="CODCITTADINANZA" type="11" />
        <Column name="STRDESCRIZIONE" type="11" />
        <Column name="STRNAZIONE" type="11" />
        <Column name="CDNISTAT" type="6" />
        <Column name="CODEDS" type="11" />
        <Column name="FLGCEE" type="11" />
        <Column name="DATINIZIOVAL" type="15" />
        <Column name="DATFINEVAL" type="15" />
        <Column name="CODNAZIONE" type="11" />
      </Tablesource>
      <Tablesource alias="DE_COMUNE_RES" databaseIdentifier="DE_COMUNE">
        <Column name="CODCOM" type="11" />
        <Column name="STRDENOMINAZIONE" type="11" />
        <Column name="STRCAP" type="11" />
        <Column name="CODCPI" type="11" />
        <Column name="CODPROVINCIA" type="11" />
        <Column name="NUMMESIMOBEXCASSAMEZZ" type="6" />
        <Column name="DATINIZIOVAL" type="15" />
        <Column name="DATFINEVAL" type="15" />
        <Column name="NUMKLOCOMUNE" type="6" />
        <Column name="CODISTAT" type="11" />
        <Column name="CODCOMMONTANA" type="11" />
      </Tablesource>
      <Tablesource alias="DE_COMUNE_DOM" databaseIdentifier="DE_COMUNE">
        <Column name="CODCOM" type="11" />
        <Column name="STRDENOMINAZIONE" type="11" />
        <Column name="STRCAP" type="11" />
        <Column name="CODCPI" type="11" />
        <Column name="CODPROVINCIA" type="11" />
        <Column name="NUMMESIMOBEXCASSAMEZZ" type="6" />
        <Column name="DATINIZIOVAL" type="15" />
        <Column name="DATFINEVAL" type="15" />
        <Column name="NUMKLOCOMUNE" type="6" />
        <Column name="CODISTAT" type="11" />
        <Column name="CODCOMMONTANA" type="11" />
      </Tablesource>
      <Tablesource alias="DE_COMUNE_TIT" databaseIdentifier="DE_COMUNE">
        <Column name="CODCOM" type="11" />
        <Column name="STRDENOMINAZIONE" type="11" />
        <Column name="STRCAP" type="11" />
        <Column name="CODCPI" type="11" />
        <Column name="CODPROVINCIA" type="11" />
        <Column name="NUMMESIMOBEXCASSAMEZZ" type="6" />
        <Column name="DATINIZIOVAL" type="15" />
        <Column name="DATFINEVAL" type="15" />
        <Column name="NUMKLOCOMUNE" type="6" />
        <Column name="CODISTAT" type="11" />
        <Column name="CODCOMMONTANA" type="11" />
      </Tablesource>
      <Tablesource alias="DE_COMUNE_ORIG" databaseIdentifier="DE_COMUNE">
        <Column name="CODCOM" type="11" />
        <Column name="STRDENOMINAZIONE" type="11" />
        <Column name="STRCAP" type="11" />
        <Column name="CODCPI" type="11" />
        <Column name="CODPROVINCIA" type="11" />
        <Column name="NUMMESIMOBEXCASSAMEZZ" type="6" />
        <Column name="DATINIZIOVAL" type="15" />
        <Column name="DATFINEVAL" type="15" />
        <Column name="NUMKLOCOMUNE" type="6" />
        <Column name="CODISTAT" type="11" />
        <Column name="CODCOMMONTANA" type="11" />
      </Tablesource>
      <Tablesource alias="DE_PROVINCIA_RES" databaseIdentifier="DE_PROVINCIA">
        <Column name="CODPROVINCIA" type="11" />
        <Column name="STRDENOMINAZIONE" type="11" />
        <Column name="STRTARGA" type="11" />
        <Column name="STRISTAT" type="11" />
        <Column name="CODREGIONE" type="11" />
        <Column name="DATINIZIOVAL" type="15" />
        <Column name="DATFINEVAL" type="15" />
        <Column name="NUMKLOPROVINCIA" type="6" />
        <Column name="STRDIRCOORDINATORE" type="11" />
        <Column name="STRRESPONSABILEUO" type="11" />
        <Column name="STRINDIRIZZOPOLO" type="11" />
        <Column name="CODCPICAPOLUOGO" type="11" />
        <Column name="CODMIN" type="11" />
        <Column name="STRINTESTAZIONESTAMPA" type="11" />
      </Tablesource>
      <Tablesource alias="DE_PROVINCIA_ORIG" databaseIdentifier="DE_PROVINCIA">
        <Column name="CODPROVINCIA" type="11" />
        <Column name="STRDENOMINAZIONE" type="11" />
        <Column name="STRTARGA" type="11" />
        <Column name="STRISTAT" type="11" />
        <Column name="CODREGIONE" type="11" />
        <Column name="DATINIZIOVAL" type="15" />
        <Column name="DATFINEVAL" type="15" />
        <Column name="NUMKLOPROVINCIA" type="6" />
        <Column name="STRDIRCOORDINATORE" type="11" />
        <Column name="STRRESPONSABILEUO" type="11" />
        <Column name="STRINDIRIZZOPOLO" type="11" />
        <Column name="CODCPICAPOLUOGO" type="11" />
        <Column name="CODMIN" type="11" />
        <Column name="STRINTESTAZIONESTAMPA" type="11" />
      </Tablesource>
      <Tablesource alias="DE_PROVINCIA_TIT" databaseIdentifier="DE_PROVINCIA">
        <Column name="CODPROVINCIA" type="11" />
        <Column name="STRDENOMINAZIONE" type="11" />
        <Column name="STRTARGA" type="11" />
        <Column name="STRISTAT" type="11" />
        <Column name="CODREGIONE" type="11" />
        <Column name="DATINIZIOVAL" type="15" />
        <Column name="DATFINEVAL" type="15" />
        <Column name="NUMKLOPROVINCIA" type="6" />
        <Column name="STRDIRCOORDINATORE" type="11" />
        <Column name="STRRESPONSABILEUO" type="11" />
        <Column name="STRINDIRIZZOPOLO" type="11" />
        <Column name="CODCPICAPOLUOGO" type="11" />
        <Column name="CODMIN" type="11" />
        <Column name="STRINTESTAZIONESTAMPA" type="11" />
      </Tablesource>
    </Datasource>
  <Database>

    <Join from="AN_LAV_STORIA_INF" to="AN_LAVORATORE" type="inn">
      <Link from="CDNLAVORATORE" to="CDNLAVORATORE" type="eq"/>
    </Join>

    <Join from="AN_LAV_STORIA_INF" to="DE_CPI_TIT" type="inn">
      <Link from="CODCPITIT" to="CODCPI" type="eq"/>
    </Join>

    <Join from="AN_LAV_STORIA_INF" to="DE_CPI_ORIG" type="inn">
      <Link from="CODCPIORIG" to="CODCPI" type="eq"/>
    </Join>

    <Join from="DE_CPI_TIT" to="DE_COMUNE_TIT" type="inn">
      <Link from="CODCOM" to="CODCOM" type="eq"/>
    </Join>

    <Join from="DE_COMUNE_TIT" to="DE_PROVINCIA_TIT" type="inn">
      <Link from="CODPROVINCIA" to="CODPROVINCIA" type="eq"/>
    </Join>

    <Join from="DE_CPI_ORIG" to="DE_COMUNE_ORIG" type="inn">
      <Link from="CODCOM" to="CODCOM" type="eq"/>
    </Join>

    <Join from="DE_COMUNE_ORIG" to="DE_PROVINCIA_ORIG" type="inn">
      <Link from="CODPROVINCIA" to="CODPROVINCIA" type="eq"/>
    </Join>

    <Join from="AN_LAVORATORE" to="DE_CITTADINANZA" type="inn">
      <Link from="CODCITTADINANZA" to="CODCITTADINANZA" type="eq"/>
    </Join>

    <Join from="AN_LAVORATORE" to="DE_COMUNE_DOM" type="inn">
      <Link from="CODCOMDOM" to="CODCOM" type="eq"/>
    </Join>

    <Join from="AN_LAVORATORE" to="DE_COMUNE_NASC" type="inn">
      <Link from="CODCOMNAS" to="CODCOM" type="eq"/>
    </Join>

    <Join from="AN_LAVORATORE" to="DE_COMUNE_RES" type="inn">
      <Link from="CODCOMRES" to="CODCOM" type="eq"/>
    </Join>

    <Join from="DE_COMUNE_RES" to="DE_PROVINCIA_RES" type="inn">
      <Link from="CODPROVINCIA" to="CODPROVINCIA" type="eq"/>
    </Join>

    <Join from="DE_COMUNE_DOM" to="DE_PROVINCIA" type="inn">
      <Link from="CODPROVINCIA" to="CODPROVINCIA" type="eq"/>
    </Join>
    <QueryChanges mask="0" count="2">
      <Attribute name="queryChange" value="null"/>
      <Attribute name="queryChange" value="null"/>
    </QueryChanges>
  </Database>
  <FormulaFields count="11">
    <Field type="FormulaField" valueType="11">
      <Attribute name="name" value="infoCPI"/>
      <Attribute name="shortName" value="infoCPI"/>
      <Attribute name="formula type" value="0"/>
      <Attribute name="basic syntax" value="false"/>
      <![CDATA[stringVar info :='' ;

info:={DE_CPI_TIT.STRINDIRIZZO} + '  -  ' + 'tel. ';

if (isNull({DE_CPI_TIT.STRTEL})) then 

    info:=info+ '        '

else info:=info+{DE_CPI_TIT.STRTEL}+'        ';

info:=info+'fax ';

if (not isnull({DE_CPI_TIT.STRFAX})) then 

    info:=info+{DE_CPI_TIT.STRFAX};

info]]>
    </Field>
    <Field type="FormulaField" valueType="11">
      <Attribute name="name" value="provincia"/>
      <Attribute name="shortName" value="provincia"/>
      <Attribute name="formula type" value="0"/>
      <Attribute name="basic syntax" value="false"/>
      <![CDATA[if ( {DE_PROVINCIA_TIT.CODREGIONE} <> '10') then
 {DE_PROVINCIA_TIT.STRINTESTAZIONESTAMPA}
else
 'ARPAL Umbria - Agenzia Regionale per le Politiche Attive del Lavoro']]>
    </Field>
    <Field type="FormulaField" valueType="11">
      <Attribute name="name" value="cpi"/>
      <Attribute name="shortName" value="cpi"/>
      <Attribute name="formula type" value="0"/>
      <Attribute name="basic syntax" value="false"/>
      <![CDATA['Centro per l''impiego di '+{DE_CPI_TIT.STRDESCRIZIONE}]]>
    </Field>
    <Field type="FormulaField" valueType="11">
      <Attribute name="name" value="nomeCogn"/>
      <Attribute name="shortName" value="nomeCogn"/>
      <Attribute name="formula type" value="0"/>
      <Attribute name="basic syntax" value="false"/>
      <![CDATA[stringVar etichetta := "Il sottoscritto" ;

if {AN_LAVORATORE.STRSESSO}='F' then etichetta :='La sottoscritta';

etichetta + '  '+{AN_LAVORATORE.STRCOGNOME}+' '+{AN_LAVORATORE.STRNOME}]]>
    </Field>
    <Field type="FormulaField" valueType="11">
      <Attribute name="name" value="infoNascita"/>
      <Attribute name="shortName" value="infoNascita"/>
      <Attribute name="formula type" value="0"/>
      <Attribute name="basic syntax" value="false"/>
      <![CDATA[stringVar labelSesso := '';

if {AN_LAVORATORE.STRSESSO}='M' then labelSesso:='nato'

else labelSesso:='nata';

labelSesso + ' a ' + {DE_COMUNE_NASC.STRDENOMINAZIONE} + '   il ' + ToText({AN_LAVORATORE.DATNASC}, 'dd/MM/yyyy')]]>
    </Field>
    <Field type="FormulaField" valueType="11">
      <Attribute name="name" value="residenzaCap"/>
      <Attribute name="shortName" value="residenzaCap"/>
      <Attribute name="formula type" value="0"/>
      <Attribute name="basic syntax" value="false"/>
      <![CDATA[stringvar s:="";
if (not IsNull({DE_COMUNE_RES.STRCAP})) then
   s:={DE_COMUNE_RES.STRCAP} +' - ';
if (not IsNull({DE_COMUNE_RES.STRDENOMINAZIONE})) then
   s:=s+{DE_COMUNE_RES.STRDENOMINAZIONE} +' - ';

if (not IsNull({DE_PROVINCIA_RES.STRTARGA})) then
   s:=s+'('+{DE_PROVINCIA_RES.STRTARGA}+')';

s;]]>
    </Field>
    <Field type="FormulaField" valueType="11">
      <Attribute name="name" value="indCpi"/>
      <Attribute name="shortName" value="indCpi"/>
      <Attribute name="formula type" value="0"/>
      <Attribute name="basic syntax" value="false"/>
      <![CDATA[{DE_CPI_TIT.STRINDIRIZZO} + ' -  ']]>
    </Field>
    <Field type="FormulaField" valueType="11">
      <Attribute name="name" value="telCpi"/>
      <Attribute name="shortName" value="telCpi"/>
      <Attribute name="formula type" value="0"/>
      <Attribute name="basic syntax" value="false"/>
      <![CDATA['tel. ' + {DE_CPI_TIT.STRTEL}]]>
    </Field>
    <Field type="FormulaField" valueType="11">
      <Attribute name="name" value="faxCpi"/>
      <Attribute name="shortName" value="faxCpi"/>
      <Attribute name="formula type" value="0"/>
      <Attribute name="basic syntax" value="false"/>
      <![CDATA['fax ' + {DE_CPI_TIT.STRFAX}]]>
    </Field>
    <Field type="FormulaField" valueType="11">
      <Attribute name="name" value="comuneDom"/>
      <Attribute name="shortName" value="comuneDom"/>
      <Attribute name="formula type" value="0"/>
      <Attribute name="basic syntax" value="false"/>
      <![CDATA[{DE_COMUNE_DOM.STRDENOMINAZIONE} + ', '+{AN_LAVORATORE.STRINDIRIZZODOM}]]>
    </Field>
    <Field type="FormulaField" valueType="11">
      <Attribute name="name" value="datInizio"/>
      <Attribute name="shortName" value="datInizio"/>
      <Attribute name="formula type" value="0"/>
      <Attribute name="basic syntax" value="false"/>
      <![CDATA[Local DateVar dat := Date({AN_LAV_STORIA_INF.DATINIZIO});

Local StringVar dataEff := "";

 

if (not IsNull({AN_LAV_STORIA_INF.DATINIZIO})) then

(

   Local StringVar str := "";

   str := ToText(Day(dat),0,'','');

   if (length(str)=1) then

      str := "0"+str;

   dataEff := str;

 

   str := ToText(Month(dat),0,'','');

   if (length(str)=1) then

      str := "0"+str;

   dataEff := dataEff + "/" + str;

   

   str := ToText(Year(dat),0,'','');

   if (length(str)=1) then

      str := "0"+str;

   dataEff := dataEff + "/" + str;

 

);

dataEff;]]>
    </Field>
  </FormulaFields>

  <PromptFields count="6">
    <Field type="PromptVarField" valueType="6">
      <Attribute name="name" value="numAnnoProt"/>
      <Attribute name="allow_multiple_values" value="false"/>
      <Attribute name="discrete_or_range" value="0"/>
      <Attribute name="allow editing" value="true"/>
      <Attribute name="prompt_text" value=""/>
      <Attribute name="use_range" value="false"/>
      <PromptValueDescr count="0">
      </PromptValueDescr>
      <Attribute name="sort_type" value="0"/>
    </Field>
    <Field type="PromptVarField" valueType="11">
      <Attribute name="name" value="numProt"/>
      <Attribute name="allow_multiple_values" value="false"/>
      <Attribute name="discrete_or_range" value="0"/>
      <Attribute name="allow editing" value="true"/>
      <Attribute name="prompt_text" value=""/>
      <Attribute name="use_range" value="false"/>
      <PromptValueDescr count="0">
      </PromptValueDescr>
      <Attribute name="sort_type" value="0"/>
    </Field>
    <Field type="PromptVarField" valueType="11">
      <Attribute name="name" value="dataProt"/>
      <Attribute name="allow_multiple_values" value="false"/>
      <Attribute name="discrete_or_range" value="0"/>
      <Attribute name="allow editing" value="true"/>
      <Attribute name="prompt_text" value=""/>
      <Attribute name="use_range" value="false"/>
      <PromptValueDescr count="0">
      </PromptValueDescr>
      <Attribute name="sort_type" value="0"/>
    </Field>
    <Field type="PromptVarField" valueType="11">
      <Attribute name="name" value="docInOut"/>
      <Attribute name="allow_multiple_values" value="false"/>
      <Attribute name="discrete_or_range" value="0"/>
      <Attribute name="allow editing" value="true"/>
      <Attribute name="prompt_text" value=""/>
      <Attribute name="use_range" value="false"/>
      <PromptValueDescr count="0">
      </PromptValueDescr>
      <Attribute name="sort_type" value="0"/>
    </Field>
    <Field type="PromptVarField" valueType="6">
      <Attribute name="name" value="cdnLavoratore"/>
      <Attribute name="allow_multiple_values" value="false"/>
      <Attribute name="discrete_or_range" value="0"/>
      <Attribute name="allow editing" value="true"/>
      <Attribute name="prompt_text" value=""/>
      <Attribute name="use_range" value="false"/>
      <PromptValueDescr count="0">
      </PromptValueDescr>
      <Attribute name="sort_type" value="0"/>
    </Field>
    <Field type="PromptVarField" valueType="6">
      <Attribute name="name" value="Pm-AN_LAVORATORE.CDNLAVORATORE"/>
      <Attribute name="allow_multiple_values" value="false"/>
      <Attribute name="discrete_or_range" value="0"/>
      <Attribute name="allow editing" value="true"/>
      <Attribute name="prompt_text" value="Pm-AN_LAVORATORE.CDNLAVORATORE"/>
      <Attribute name="use_range" value="false"/>
      <PromptValueDescr count="0">
      </PromptValueDescr>
      <Attribute name="sort_type" value="0"/>
    </Field>
  </PromptFields>

  <SQLFields count="0">
  </SQLFields>

  <SummaryFields count="0">
  </SummaryFields>

  <SortFields count="0">
  </SortFields>

  <GroupNameFields count="0">
  </GroupNameFields>

  <Field type="FormulaField" id="-1" valueType="8">
    <Attribute name="name" value="Record_Selection"/>
    <Attribute name="shortName" value="Record_Selection"/>
    <Attribute name="formula type" value="1"/>
    <Attribute name="basic syntax" value="false"/>
    <![CDATA[{AN_LAVORATORE.CDNLAVORATORE}={?cdnLavoratore} and isNull({AN_LAV_STORIA_INF.DATFINE})]]>
  </Field>
  <ReportProperties>
    <Attribute name="page width" value="11907"/>
    <Attribute name="page height" value="16839"/>
    <Attribute name="page orientation" value="1"/>
    <Attribute name="page margin left" value="341"/>
    <Attribute name="page margin right" value="341"/>
    <Attribute name="page margin top" value="240"/>
    <Attribute name="page margin bottom" value="240"/>
    <Attribute name="report title" value=""/>
    <Attribute name="report author" value=""/>
    <Attribute name="report keywords" value=""/>
    <Attribute name="report subject" value=""/>
    <Attribute name="report template" value=""/>
    <Attribute name="report comments" value=""/>
    <Attribute name="report last saved" value="28 Sep 2018 08:32:44 GMT"/>
    <Attribute name="report created" value="12 Oct 2004 16:54:04 GMT"/>
    <Attribute name="mailing label type 1" value=""/>
    <Attribute name="mailing label type 2" value=""/>
    <Attribute name="format with multiple columns" value="false"/>
    <Attribute name="mailing label width" value="0"/>
    <Attribute name="mailing label height" value="0"/>
    <Attribute name="mailing label distance vertical" value="0"/>
    <Attribute name="mailing label distance horizontal" value="0"/>
    <Attribute name="across then down" value="false"/>
    <Attribute name="format groups with multiple columns" value="false"/>
    <Attribute name="distinct" value="false"/>
    <Attribute name="convert date time" value="2"/>
    <Attribute name="suppress if no rows" value="false"/>
    <Attribute name="convert null values to default" value="false"/>
    <Attribute name="hide PageFooter inside ReportHeader" value="false"/>
  </ReportProperties>
  <AreaPair type="PageAreaPair" id="0">
    <Area type="PageHeader" count="1">
      <AreaProperties>
        <Attribute name="hold minimal pagefooter free" value="1"/>
      </AreaProperties>
      <Section type="PageHeader" count="0" width="11222" height="442" id="0">
        <SectionProperties>
          <Attribute name="hold minimal pagefooter free" value="1"/>
        </SectionProperties>
      </Section>
    </Area>
    <Area type="PageFooter" count="1">
      <AreaProperties>
        <Attribute name="print at bottom of page" value="true"/>
        <Attribute name="new page after" value="true"/>
        <Attribute name="hold minimal pagefooter free" value="1"/>
      </AreaProperties>
      <Section type="PageFooter" count="0" width="11222" height="663" id="1">
        <SectionProperties>
          <Attribute name="hold minimal pagefooter free" value="1"/>
        </SectionProperties>
      </Section>
    </Area>
  </AreaPair>

  <AreaPair type="ReportAreaPair" id="0">
    <Area type="ReportHeader" count="1">
      <AreaProperties>
        <Attribute name="new page before" value="true"/>
        <Attribute name="hold minimal pagefooter free" value="1"/>
      </AreaProperties>
      <Section type="ReportHeader" count="7" width="11222" height="2665" id="2">
        <SectionProperties>
          <Attribute name="suppress" value="true"/>
          <Attribute name="hold minimal pagefooter free" value="1"/>
        </SectionProperties>
        <Element type="FieldElement" x_position="912" y_position="57" width="950" height="221">
          <CommonProperties>
            <Attribute name="horizontal align" value="3"/>
            <Attribute name="close border on page break" value="false"/>
          </CommonProperties>
          <FontProperties>
            <Attribute name="font name" value="Arial"/>
            <Attribute name="font size" value="195"/>
          </FontProperties>
          <NumberProperties>
            <Attribute name="thousand seperators symbol" value="."/>
            <Attribute name="decimal seperators symbol" value=","/>
            <Attribute name="currency symbol" value=""/>
          </NumberProperties>
          <Reference name="field" type="PromptVarField" refname="?cdnLavoratore"/>
        </Element>
        <Element type="Text" count="3" x_position="570" y_position="630" width="6615" height="1710">
          <CommonProperties>
            <Attribute name="horizontal align" value="1"/>
            <Attribute name="close border on page break" value="false"/>
          </CommonProperties>
          <Element type="Paragraph" count="1">
            <CommonProperties>
              <Attribute name="horizontal align" value="1"/>
            </CommonProperties>
            <Element type="TextPart">
              <FontProperties>
                <Attribute name="font name" value="Arial"/>
                <Attribute name="font size" value="240"/>
              </FontProperties>
            <![CDATA[N.B. ]]>
            </Element>
          </Element>
          <Element type="Paragraph" count="1">
            <CommonProperties>
              <Attribute name="horizontal align" value="1"/>
            </CommonProperties>
            <Element type="TextPart">
              <FontProperties>
                <Attribute name="font name" value="Arial"/>
                <Attribute name="font size" value="240"/>
              </FontProperties>
            <![CDATA[E' NECESSARIO, NELLA CONVERSIONE CON CRySTAL CLEAR RISCRIVERE LE VARIABILI-FORMULE <@NOMECOGNOME, @INFONASCITA>]]>
            </Element>
          </Element>
          <Element type="Paragraph" count="1">
            <CommonProperties>
              <Attribute name="horizontal align" value="1"/>
            </CommonProperties>
            <Element type="TextPart">
              <FontProperties>
                <Attribute name="font name" value="Arial"/>
                <Attribute name="font size" value="240"/>
              </FontProperties>
            <![CDATA[PERCHE' VENGONO CONVERTITE MALE!!!!]]>
            </Element>
          </Element>
        </Element>
        <Element type="Text" count="1" x_position="150" y_position="150" width="615" height="450">
          <Element type="Paragraph" count="1">
            <CommonProperties>
              <Attribute name="horizontal align" value="1"/>
            </CommonProperties>
            <Element type="TextPart">
              <FontProperties>
                <Attribute name="font size" value="210"/>
                <Attribute name="font style" value="1"/>
              </FontProperties>
            <![CDATA[Data, ]]>
            </Element>
          </Element>
        </Element>
        <Element type="Text" count="1" x_position="3150" y_position="150" width="1965" height="390">
          <Element type="Paragraph" count="1">
            <CommonProperties>
              <Attribute name="horizontal align" value="1"/>
            </CommonProperties>
            <Element type="TextPart">
              <FontProperties>
                <Attribute name="font style" value="1"/>
              </FontProperties>
            <![CDATA[Il/la lavoratore/trice]]>
            </Element>
          </Element>
        </Element>
        <Element type="Text" count="1" x_position="150" y_position="150" width="615" height="450">
          <Element type="Paragraph" count="1">
            <CommonProperties>
              <Attribute name="horizontal align" value="1"/>
            </CommonProperties>
            <Element type="TextPart">
              <FontProperties>
                <Attribute name="font size" value="210"/>
                <Attribute name="font style" value="1"/>
              </FontProperties>
            <![CDATA[Data, ]]>
            </Element>
          </Element>
        </Element>
        <Element type="Text" count="1" x_position="2850" y_position="150" width="2565" height="315">
          <Element type="Paragraph" count="1">
            <CommonProperties>
              <Attribute name="horizontal align" value="1"/>
            </CommonProperties>
            <Element type="TextPart">
              <FontProperties>
                <Attribute name="font size" value="210"/>
                <Attribute name="font style" value="1"/>
              </FontProperties>
            <![CDATA[Il/la lavoratore/trice]]>
            </Element>
          </Element>
        </Element>
        <Element type="Text" count="1" x_position="2850" y_position="150" width="2565" height="315">
          <Element type="Paragraph" count="1">
            <CommonProperties>
              <Attribute name="horizontal align" value="1"/>
            </CommonProperties>
            <Element type="TextPart">
              <FontProperties>
                <Attribute name="font size" value="210"/>
                <Attribute name="font style" value="1"/>
              </FontProperties>
            <![CDATA[Il/la lavoratore/trice]]>
            </Element>
          </Element>
        </Element>
      </Section>
    </Area>
    <Area type="ReportFooter" count="1">
      <AreaProperties>
        <Attribute name="new page after" value="true"/>
        <Attribute name="hold minimal pagefooter free" value="1"/>
      </AreaProperties>
      <Section type="ReportFooter" count="0" width="11222" height="220" id="3">
        <SectionProperties>
          <Attribute name="suppress" value="true"/>
          <Attribute name="hold minimal pagefooter free" value="1"/>
        </SectionProperties>
      </Section>
    </Area>
  </AreaPair>

  <AreaPair type="DetailArea" id="1">
    <Area type="Detail" count="11">
      <AreaProperties>
        <Attribute name="multiple column section" value="false"/>
        <Attribute name="hold minimal pagefooter free" value="1"/>
      </AreaProperties>
      <Section type="Detail" count="3" width="11222" height="1485" id="4">
        <SectionProperties>
          <Attribute name="multiple column section" value="false"/>
          <Attribute name="hold minimal pagefooter free" value="1"/>
        </SectionProperties>
        <Element type="FieldElement" x_position="684" y_position="570" width="9804" height="399">
          <CommonProperties>
            <Attribute name="horizontal align" value="2"/>
            <Attribute name="close border on page break" value="false"/>
          </CommonProperties>
          <FontProperties>
            <Attribute name="font name" value="Arial"/>
            <Attribute name="font size" value="255"/>
          </FontProperties>
          <StringProperties>
            <Attribute name="line distance" value="0"/>
            <Attribute name="line distance normal" value="1"/>
          </StringProperties>
          <Reference name="field" type="FormulaField" refname="@cpi"/>
        </Element>
        <Element type="FieldElement" x_position="300" y_position="120" width="10755" height="405">
          <CommonProperties>
            <Attribute name="horizontal align" value="2"/>
            <Attribute name="close border on page break" value="false"/>
            <Attribute name="can grow" value="true"/>
          </CommonProperties>
          <FontProperties>
            <Attribute name="font name" value="Arial"/>
            <Attribute name="font size" value="255"/>
          </FontProperties>
          <StringProperties>
            <Attribute name="line distance" value="0"/>
            <Attribute name="line distance normal" value="1"/>
          </StringProperties>
          <Reference name="field" type="FormulaField" refname="@provincia"/>
        </Element>
        <Element type="FieldElement" x_position="285" y_position="969" width="10783" height="285">
          <CommonProperties>
            <Attribute name="horizontal align" value="2"/>
            <Attribute name="close border on page break" value="false"/>
          </CommonProperties>
          <FontProperties>
            <Attribute name="font name" value="Arial"/>
            <Attribute name="font size" value="225"/>
          </FontProperties>
          <StringProperties>
            <Attribute name="line distance" value="0"/>
            <Attribute name="line distance normal" value="1"/>
          </StringProperties>
          <Reference name="field" type="FormulaField" refname="@infoCPI"/>
        </Element>
      </Section>
      <Section type="Detail" count="1" width="11222" height="465" id="5">
        <SectionProperties>
          <Attribute name="multiple column section" value="false"/>
          <Attribute name="hold minimal pagefooter free" value="1"/>
        </SectionProperties>
        <Element type="Line" x2_position="11046" y2_position="342" x_position="456" y_position="342" width="10590" height="0">
          <LineProperties>
            <Attribute name="id" value="5"/>
          </LineProperties>
        </Element>
      </Section>
      <Section type="Detail" count="10" width="11222" height="1200" id="6">
        <SectionProperties>
          <Attribute name="multiple column section" value="false"/>
          <Attribute name="hold minimal pagefooter free" value="1"/>
        </SectionProperties>
        <Element type="Text" count="1" x_position="570" y_position="345" width="570" height="225">
          <CommonProperties>
            <Attribute name="horizontal align" value="1"/>
            <Attribute name="close border on page break" value="false"/>
          </CommonProperties>
          <Element type="Paragraph" count="1">
            <CommonProperties>
              <Attribute name="horizontal align" value="1"/>
            </CommonProperties>
            <Element type="TextPart">
              <FontProperties>
                <Attribute name="font size" value="195"/>
              </FontProperties>
            <![CDATA[Anno]]>
            </Element>
          </Element>
        </Element>
        <Element type="Text" count="1" x_position="2910" y_position="345" width="450" height="225">
          <CommonProperties>
            <Attribute name="horizontal align" value="1"/>
            <Attribute name="close border on page break" value="false"/>
          </CommonProperties>
          <Element type="Paragraph" count="1">
            <CommonProperties>
              <Attribute name="horizontal align" value="1"/>
            </CommonProperties>
            <Element type="TextPart">
              <FontProperties>
                <Attribute name="font size" value="195"/>
              </FontProperties>
            <![CDATA[Num ]]>
            </Element>
          </Element>
        </Element>
        <Element type="Text" count="1" x_position="5295" y_position="345" width="1080" height="240">
          <CommonProperties>
            <Attribute name="horizontal align" value="1"/>
            <Attribute name="close border on page break" value="false"/>
          </CommonProperties>
          <Element type="Paragraph" count="1">
            <CommonProperties>
              <Attribute name="horizontal align" value="1"/>
            </CommonProperties>
            <Element type="TextPart">
              <FontProperties>
                <Attribute name="font size" value="195"/>
              </FontProperties>
            <![CDATA[Data di prot.]]>
            </Element>
          </Element>
        </Element>
        <Element type="Text" count="1" x_position="570" y_position="735" width="630" height="225">
          <CommonProperties>
            <Attribute name="horizontal align" value="1"/>
            <Attribute name="close border on page break" value="false"/>
          </CommonProperties>
          <Element type="Paragraph" count="1">
            <CommonProperties>
              <Attribute name="horizontal align" value="1"/>
            </CommonProperties>
            <Element type="TextPart">
              <FontProperties>
                <Attribute name="font size" value="195"/>
              </FontProperties>
            <![CDATA[Doc. di]]>
            </Element>
          </Element>
        </Element>
        <Element type="Text" count="1" x_position="2970" y_position="735" width="450" height="225">
          <CommonProperties>
            <Attribute name="horizontal align" value="1"/>
            <Attribute name="close border on page break" value="false"/>
          </CommonProperties>
          <Element type="Paragraph" count="1">
            <CommonProperties>
              <Attribute name="horizontal align" value="1"/>
            </CommonProperties>
            <Element type="TextPart">
              <FontProperties>
                <Attribute name="font size" value="195"/>
              </FontProperties>
            <![CDATA[Rif.]]>
            </Element>
          </Element>
        </Element>
        <Element type="FieldElement" x_position="1197" y_position="342" width="1125" height="236">
          <CommonProperties>
            <Attribute name="horizontal align" value="1"/>
            <Attribute name="close border on page break" value="false"/>
            <Attribute name="can grow" value="true"/>
          </CommonProperties>
          <FontProperties>
            <Attribute name="font size" value="195"/>
          </FontProperties>
          <NumberProperties>
            <Attribute name="use system default format" value="false"/>
            <Attribute name="negative type" value="3"/>
            <Attribute name="use thousand seperators" value="false"/>
            <Attribute name="n decimal places" value="0"/>
            <Attribute name="rounding type" value="11"/>
            <Attribute name="thousand seperators symbol" value=","/>
            <Attribute name="decimal seperators symbol" value="."/>
            <Attribute name="currency symbol" value="$"/>
            <Attribute name="allow field clipping" value="false"/>
          </NumberProperties>
          <Reference name="field" type="PromptVarField" refname="?numAnnoProt"/>
        </Element>
        <Element type="FieldElement" x_position="3480" y_position="345" width="2040" height="240">
          <CommonProperties>
            <Attribute name="horizontal align" value="1"/>
            <Attribute name="close border on page break" value="false"/>
            <Attribute name="can grow" value="true"/>
          </CommonProperties>
          <FontProperties>
            <Attribute name="font size" value="195"/>
          </FontProperties>
          <StringProperties>
            <Attribute name="line distance" value="0"/>
            <Attribute name="line distance normal" value="1"/>
          </StringProperties>
          <Reference name="field" type="PromptVarField" refname="?numProt"/>
        </Element>
        <Element type="FieldElement" x_position="6669" y_position="342" width="4449" height="236">
          <CommonProperties>
            <Attribute name="horizontal align" value="1"/>
            <Attribute name="close border on page break" value="false"/>
            <Attribute name="can grow" value="true"/>
          </CommonProperties>
          <FontProperties>
            <Attribute name="font size" value="195"/>
          </FontProperties>
          <StringProperties>
            <Attribute name="line distance" value="0"/>
            <Attribute name="line distance normal" value="1"/>
          </StringProperties>
          <Reference name="field" type="PromptVarField" refname="?dataProt"/>
        </Element>
        <Element type="FieldElement" x_position="1425" y_position="741" width="1072" height="236">
          <CommonProperties>
            <Attribute name="horizontal align" value="1"/>
            <Attribute name="close border on page break" value="false"/>
            <Attribute name="can grow" value="true"/>
          </CommonProperties>
          <FontProperties>
            <Attribute name="font size" value="195"/>
          </FontProperties>
          <StringProperties>
            <Attribute name="line distance" value="0"/>
            <Attribute name="line distance normal" value="1"/>
          </StringProperties>
          <Reference name="field" type="PromptVarField" refname="?docInOut"/>
        </Element>
        <Element type="Subreport" x_position="3477" y_position="684" width="7827" height="308">
          <CommonProperties>
            <Attribute name="horizontal align" value="1"/>
            <Attribute name="close border on page break" value="false"/>
          </CommonProperties>
          <BorderProperties>
            <Attribute name="left border" value="0"/>
            <Attribute name="right border" value="0"/>
            <Attribute name="bottom border" value="0"/>
            <Attribute name="top border" value="0"/>
          </BorderProperties>
          <SubreportProperties>
            <Attribute name="report id" value="1"/>
          </SubreportProperties>
          <SubreportLinks count="0">
          </SubreportLinks>
          <FontProperties>
            <Attribute name="font name" value="Times New Roman"/>
            <Attribute name="font size" value="200"/>
          </FontProperties>
        </Element>
      </Section>
      <Section type="Detail" count="0" width="11222" height="930" id="7">
        <SectionProperties>
          <Attribute name="multiple column section" value="false"/>
          <Attribute name="hold minimal pagefooter free" value="1"/>
        </SectionProperties>
      </Section>
      <Section type="Detail" count="3" width="11222" height="975" id="8">
        <SectionProperties>
          <Attribute name="multiple column section" value="false"/>
          <Attribute name="hold minimal pagefooter free" value="1"/>
        </SectionProperties>
        <Element type="Text" count="1" x_position="8607" y_position="12" width="171" height="342">
          <CommonProperties>
            <Attribute name="horizontal align" value="1"/>
            <Attribute name="close border on page break" value="false"/>
          </CommonProperties>
          <Element type="Paragraph" count="1">
            <CommonProperties>
              <Attribute name="horizontal align" value="1"/>
            </CommonProperties>
            <Element type="TextPart">
              <FontProperties>
                <Attribute name="font name" value="Arial"/>
                <Attribute name="font size" value="240"/>
              </FontProperties>
            <![CDATA[,]]>
            </Element>
          </Element>
        </Element>
        <Element type="FieldElement" x_position="2679" y_position="0" width="5917" height="342">
          <CommonProperties>
            <Attribute name="horizontal align" value="3"/>
            <Attribute name="close border on page break" value="false"/>
          </CommonProperties>
          <FontProperties>
            <Attribute name="font name" value="Arial"/>
            <Attribute name="font size" value="240"/>
          </FontProperties>
          <StringProperties>
            <Attribute name="line distance" value="0"/>
            <Attribute name="line distance normal" value="1"/>
          </StringProperties>
          <Reference name="field" type="DatabaseField" refname="DE_COMUNE_TIT.STRDENOMINAZIONE"/>
        </Element>
        <Element type="FieldElement" x_position="8760" y_position="0" width="2554" height="360">
          <CommonProperties>
            <Attribute name="horizontal align" value="1"/>
            <Attribute name="close border on page break" value="false"/>
          </CommonProperties>
          <FontProperties>
            <Attribute name="font name" value="Arial"/>
            <Attribute name="font size" value="240"/>
          </FontProperties>
          <StringProperties>
            <Attribute name="line distance" value="0"/>
            <Attribute name="line distance normal" value="1"/>
          </StringProperties>
          <Reference name="field" type="FormulaField" refname="@datInizio"/>
        </Element>
      </Section>
      <Section type="Detail" count="6" width="11222" height="2010" id="9">
        <SectionProperties>
          <Attribute name="multiple column section" value="false"/>
          <Attribute name="hold minimal pagefooter free" value="1"/>
        </SectionProperties>
        <Element type="FieldElement" x_position="1026" y_position="1311" width="8936" height="276">
          <CommonProperties>
            <Attribute name="horizontal align" value="1"/>
            <Attribute name="close border on page break" value="false"/>
            <Attribute name="can grow" value="true"/>
          </CommonProperties>
          <FontProperties>
            <Attribute name="font name" value="Arial"/>
            <Attribute name="font size" value="240"/>
          </FontProperties>
          <StringProperties>
            <Attribute name="line distance" value="0"/>
            <Attribute name="line distance normal" value="1"/>
          </StringProperties>
          <Reference name="field" type="DatabaseField" refname="AN_LAVORATORE.STRINDIRIZZORES"/>
        </Element>
        <Element type="FieldElement" x_position="3648" y_position="912" width="7581" height="285">
          <CommonProperties>
            <Attribute name="horizontal align" value="1"/>
            <Attribute name="close border on page break" value="false"/>
          </CommonProperties>
          <FontProperties>
            <Attribute name="font name" value="Arial"/>
            <Attribute name="font size" value="240"/>
          </FontProperties>
          <StringProperties>
            <Attribute name="line distance" value="0"/>
            <Attribute name="line distance normal" value="1"/>
          </StringProperties>
          <Reference name="field" type="FormulaField" refname="@residenzaCap"/>
        </Element>
        <Element type="Text" count="1" x_position="627" y_position="912" width="2889" height="221">
          <CommonProperties>
            <Attribute name="horizontal align" value="1"/>
            <Attribute name="close border on page break" value="false"/>
          </CommonProperties>
          <Element type="Paragraph" count="1">
            <CommonProperties>
              <Attribute name="horizontal align" value="1"/>
            </CommonProperties>
            <Element type="TextPart">
              <FontProperties>
                <Attribute name="font name" value="Arial"/>
                <Attribute name="font size" value="240"/>
              </FontProperties>
            <![CDATA[e residente nel comune di]]>
            </Element>
          </Element>
        </Element>
        <Element type="FieldElement" x_position="627" y_position="513" width="10146" height="285">
          <CommonProperties>
            <Attribute name="horizontal align" value="1"/>
            <Attribute name="close border on page break" value="false"/>
          </CommonProperties>
          <FontProperties>
            <Attribute name="font name" value="Arial"/>
            <Attribute name="font size" value="240"/>
          </FontProperties>
          <StringProperties>
            <Attribute name="line distance" value="0"/>
            <Attribute name="line distance normal" value="1"/>
          </StringProperties>
          <Reference name="field" type="FormulaField" refname="@infoNascita"/>
        </Element>
        <Element type="FieldElement" x_position="627" y_position="114" width="10659" height="276">
          <CommonProperties>
            <Attribute name="horizontal align" value="1"/>
            <Attribute name="close border on page break" value="false"/>
            <Attribute name="can grow" value="true"/>
          </CommonProperties>
          <FontProperties>
            <Attribute name="font name" value="Arial"/>
            <Attribute name="font size" value="240"/>
          </FontProperties>
          <StringProperties>
            <Attribute name="line distance" value="0"/>
            <Attribute name="line distance normal" value="1"/>
          </StringProperties>
          <Reference name="field" type="FormulaField" refname="@nomeCogn"/>
        </Element>
        <Element type="Text" count="1" x_position="627" y_position="1311" width="381" height="221">
          <CommonProperties>
            <Attribute name="horizontal align" value="1"/>
            <Attribute name="close border on page break" value="false"/>
          </CommonProperties>
          <Element type="Paragraph" count="1">
            <CommonProperties>
              <Attribute name="horizontal align" value="1"/>
            </CommonProperties>
            <Element type="TextPart">
              <FontProperties>
                <Attribute name="font name" value="Arial"/>
                <Attribute name="font size" value="240"/>
              </FontProperties>
            <![CDATA[in]]>
            </Element>
          </Element>
        </Element>
      </Section>
      <Section type="Detail" count="1" width="11222" height="1830" id="10">
        <SectionProperties>
          <Attribute name="multiple column section" value="false"/>
          <Attribute name="hold minimal pagefooter free" value="1"/>
        </SectionProperties>
        <Element type="Text" count="2" x_position="228" y_position="399" width="10827" height="960">
          <CommonProperties>
            <Attribute name="horizontal align" value="1"/>
            <Attribute name="close border on page break" value="false"/>
          </CommonProperties>
          <Element type="Paragraph" count="1">
            <CommonProperties>
              <Attribute name="horizontal align" value="1"/>
            </CommonProperties>
            <Element type="TextPart">
              <FontProperties>
                <Attribute name="font name" value="Arial"/>
                <Attribute name="font size" value="320"/>
              </FontProperties>
            <![CDATA[]]>
            </Element>
          </Element>
          <Element type="Paragraph" count="1">
            <CommonProperties>
              <Attribute name="horizontal align" value="2"/>
            </CommonProperties>
            <StringProperties>
              <Attribute name="left indent" value="709"/>
            </StringProperties>
            <Element type="TextPart">
              <FontProperties>
                <Attribute name="font name" value="Arial"/>
                <Attribute name="font size" value="320"/>
              </FontProperties>
            <![CDATA[C H I E D E ]]>
            </Element>
          </Element>
        </Element>
      </Section>
      <Section type="Detail" count="4" width="11222" height="2250" id="11">
        <SectionProperties>
          <Attribute name="multiple column section" value="false"/>
          <Attribute name="hold minimal pagefooter free" value="1"/>
        </SectionProperties>
        <Element type="FieldElement" x_position="798" y_position="741" width="9804" height="285">
          <CommonProperties>
            <Attribute name="horizontal align" value="1"/>
            <Attribute name="close border on page break" value="false"/>
            <Attribute name="can grow" value="true"/>
          </CommonProperties>
          <FontProperties>
            <Attribute name="font name" value="Arial"/>
            <Attribute name="font size" value="240"/>
          </FontProperties>
          <StringProperties>
            <Attribute name="line distance" value="0"/>
            <Attribute name="line distance normal" value="1"/>
          </StringProperties>
          <Reference name="field" type="FormulaField" refname="@comuneDom"/>
        </Element>
        <Element type="Subreport" x_position="798" y_position="1026" width="9861" height="308">
          <CommonProperties>
            <Attribute name="horizontal align" value="1"/>
            <Attribute name="close border on page break" value="false"/>
          </CommonProperties>
          <BorderProperties>
            <Attribute name="left border" value="0"/>
            <Attribute name="right border" value="0"/>
            <Attribute name="bottom border" value="0"/>
            <Attribute name="top border" value="0"/>
          </BorderProperties>
          <SubreportProperties>
            <Attribute name="report id" value="2"/>
          </SubreportProperties>
          <SubreportLinks count="1">
            <SubreportLink>
              <Reference name="id" type="DatabaseField" refname="AN_LAVORATORE.CDNLAVORATORE"/>
              <Attribute name="id" value="1"/>
            </SubreportLink>
          </SubreportLinks>
          <FontProperties>
            <Attribute name="font name" value="Arial"/>
            <Attribute name="font size" value="240"/>
          </FontProperties>
        </Element>
        <Element type="Text" count="1" x_position="798" y_position="57" width="9747" height="285">
          <CommonProperties>
            <Attribute name="horizontal align" value="1"/>
            <Attribute name="close border on page break" value="false"/>
          </CommonProperties>
          <Element type="Paragraph" count="1">
            <CommonProperties>
              <Attribute name="horizontal align" value="1"/>
            </CommonProperties>
            <Element type="TextPart">
              <FontProperties>
                <Attribute name="font name" value="Arial"/>
                <Attribute name="font size" value="240"/>
              </FontProperties>
            <![CDATA[Di trasferire la propria iscrizione all’elenco anagrafico presso il Centro per l’Impiego di ]]>
            </Element>
          </Element>
        </Element>
        <Element type="Text" count="1" x_position="798" y_position="399" width="9519" height="278">
          <CommonProperties>
            <Attribute name="horizontal align" value="1"/>
            <Attribute name="close border on page break" value="false"/>
          </CommonProperties>
          <Element type="Paragraph" count="2">
            <CommonProperties>
              <Attribute name="horizontal align" value="1"/>
            </CommonProperties>
            <Element type="FieldPart">
              <FontProperties>
                <Attribute name="font name" value="Arial"/>
                <Attribute name="font size" value="240"/>
                <Attribute name="font style" value="1"/>
              </FontProperties>
              <Reference name="field" type="DatabaseField" refname="DE_COMUNE_TIT.STRDENOMINAZIONE"/>
            </Element>
            <Element type="TextPart">
              <FontProperties>
                <Attribute name="font name" value="Arial"/>
                <Attribute name="font size" value="240"/>
              </FontProperties>
            <![CDATA[ facendo presente che il proprio domicilio è presso ]]>
            </Element>
          </Element>
        </Element>
      </Section>
      <Section type="Detail" count="2" width="11222" height="1515" id="12">
        <SectionProperties>
          <Attribute name="multiple column section" value="false"/>
        </SectionProperties>
        <Element type="Text" count="1" x_position="450" y_position="150" width="765" height="465">
          <Element type="Paragraph" count="1">
            <CommonProperties>
              <Attribute name="horizontal align" value="1"/>
            </CommonProperties>
            <Element type="TextPart">
              <FontProperties>
                <Attribute name="font size" value="210"/>
                <Attribute name="font style" value="1"/>
              </FontProperties>
            <![CDATA[Data,]]>
            </Element>
          </Element>
        </Element>
        <Element type="FieldElement" x_position="1050" y_position="150" width="1200" height="240">
          <CommonProperties>
            <Attribute name="horizontal align" value="1"/>
          </CommonProperties>
          <FontProperties>
            <Attribute name="font size" value="210"/>
            <Attribute name="font style" value="1"/>
          </FontProperties>
          <Reference name="field" type="SpecialVarField" id="4"/>
        </Element>
      </Section>
      <Section type="Detail" count="2" width="11222" height="1065" id="13">
        <SectionProperties>
          <Attribute name="multiple column section" value="false"/>
          <Attribute name="hold minimal pagefooter free" value="1"/>
        </SectionProperties>
        <Element type="Text" count="1" x_position="5700" y_position="345" width="4845" height="570">
          <CommonProperties>
            <Attribute name="horizontal align" value="1"/>
            <Attribute name="close border on page break" value="false"/>
          </CommonProperties>
          <Element type="Paragraph" count="1">
            <CommonProperties>
              <Attribute name="horizontal align" value="1"/>
            </CommonProperties>
            <Element type="TextPart">
              <FontProperties>
                <Attribute name="font name" value="Arial"/>
                <Attribute name="font size" value="240"/>
              </FontProperties>
            <![CDATA[Firma dell’interessato]]>
            </Element>
          </Element>
        </Element>
        <Element type="Text" count="1" x_position="9600" y_position="750" width="465" height="165">
          <Element type="Paragraph" count="1">
            <CommonProperties>
              <Attribute name="horizontal align" value="1"/>
            </CommonProperties>
            <Element type="TextPart">
              <FontProperties>
                <Attribute name="font size" value="60"/>
              </FontProperties>
            <![CDATA[DD_2]]>
            </Element>
          </Element>
        </Element>
      </Section>
      <Section type="Detail" count="2" width="11222" height="522" id="14">
        <SectionProperties>
          <Attribute name="multiple column section" value="false"/>
          <Attribute name="hold minimal pagefooter free" value="1"/>
        </SectionProperties>
        <Element type="Line" x2_position="10032" y2_position="120" x_position="5325" y_position="120" width="4707" height="0">
          <LineProperties>
            <Attribute name="id" value="14"/>
          </LineProperties>
        </Element>
        <Element type="Text" count="1" x_position="5400" y_position="300" width="465" height="165">
          <Element type="Paragraph" count="1">
            <CommonProperties>
              <Attribute name="horizontal align" value="1"/>
            </CommonProperties>
            <Element type="TextPart">
              <FontProperties>
                <Attribute name="font size" value="60"/>
              </FontProperties>
            <![CDATA[DD_1]]>
            </Element>
          </Element>
        </Element>
      </Section>
    </Area>
  </AreaPair>

<inet:Report xmlns:inet="http://www.inetsoftware.de" major_version="10" minor_version="0" major_xml_version="6" minor_xml_version="5" count="2" id="1">
    <Datasource dll="pdsora7.dll" host="concordia:1521:ORAC10" schema="" catalog="" user="MODENADEV" password="" url="">
      <Tablesource alias="DE_DOC_AMBITO" databaseIdentifier="DE_DOC_AMBITO">
        <Column name="CODAMBITODOC" type="11" />
        <Column name="STRDESCRIZIONE" type="11" />
        <Column name="DATINIZIOVAL" type="15" />
        <Column name="DATFINEVAL" type="15" />
      </Tablesource>
      <Tablesource alias="DE_DOC_TIPO" databaseIdentifier="DE_DOC_TIPO">
        <Column name="CODTIPODOCUMENTO" type="11" />
        <Column name="STRDESCRIZIONE" type="11" />
        <Column name="CODAMBITODOC" type="11" />
        <Column name="FLGDOCAMM" type="11" />
        <Column name="STRENTEMODELLO" type="11" />
        <Column name="STRFREQUENZAACQRIL" type="11" />
        <Column name="DATINIZIOVAL" type="15" />
        <Column name="DATFINEVAL" type="15" />
        <Column name="CODMONOGESTDOC" type="11" />
        <Column name="STRIO" type="11" />
      </Tablesource>
    </Datasource>
  <Database>

    <Join from="DE_DOC_AMBITO" to="DE_DOC_TIPO" type="inn">
      <Link from="CODAMBITODOC" to="CODAMBITODOC" type="eq"/>
    </Join>
    <QueryChanges mask="0" count="2">
      <Attribute name="queryChange" value="null"/>
      <Attribute name="queryChange" value="null"/>
    </QueryChanges>
  </Database>
  <FormulaFields count="0">
  </FormulaFields>

  <PromptFields count="0">
  </PromptFields>

  <SQLFields count="0">
  </SQLFields>

  <SummaryFields count="0">
  </SummaryFields>

  <SortFields count="0">
  </SortFields>

  <GroupNameFields count="0">
  </GroupNameFields>

  <Field type="FormulaField" id="-1" valueType="8">
    <Attribute name="name" value="Record_Selection"/>
    <Attribute name="shortName" value="Record_Selection"/>
    <Attribute name="formula type" value="1"/>
    <Attribute name="basic syntax" value="false"/>
    <![CDATA[{DE_DOC_TIPO.CODTIPODOCUMENTO} = "TRCPI"]]>
  </Field>
  <ReportProperties>
    <Attribute name="page width" value="11907"/>
    <Attribute name="page height" value="16839"/>
    <Attribute name="page orientation" value="0"/>
    <Attribute name="page margin left" value="341"/>
    <Attribute name="page margin right" value="341"/>
    <Attribute name="page margin top" value="240"/>
    <Attribute name="page margin bottom" value="240"/>
    <Attribute name="report title" value="riferimentoDoc.rpt"/>
    <Attribute name="report author" value=""/>
    <Attribute name="report keywords" value=""/>
    <Attribute name="report subject" value=""/>
    <Attribute name="report template" value=""/>
    <Attribute name="report comments" value=""/>
    <Attribute name="report last saved" value="28 Sep 2018 08:32:44 GMT"/>
    <Attribute name="mailing label type 1" value=""/>
    <Attribute name="mailing label type 2" value=""/>
    <Attribute name="format with multiple columns" value="false"/>
    <Attribute name="mailing label width" value="0"/>
    <Attribute name="mailing label height" value="0"/>
    <Attribute name="mailing label distance vertical" value="0"/>
    <Attribute name="mailing label distance horizontal" value="0"/>
    <Attribute name="across then down" value="false"/>
    <Attribute name="format groups with multiple columns" value="false"/>
    <Attribute name="distinct" value="false"/>
    <Attribute name="convert date time" value="2"/>
    <Attribute name="suppress if no rows" value="false"/>
    <Attribute name="convert null values to default" value="false"/>
    <Attribute name="hide PageFooter inside ReportHeader" value="false"/>
  </ReportProperties>
  <AreaPair type="ReportAreaPair" id="0">
    <Area type="ReportHeader" count="2">
      <AreaProperties>
        <Attribute name="new page before" value="true"/>
        <Attribute name="hold minimal pagefooter free" value="1"/>
      </AreaProperties>
      <Section type="ReportHeader" count="0" width="7827" height="0" id="0">
        <SectionProperties>
          <Attribute name="hold minimal pagefooter free" value="1"/>
        </SectionProperties>
      </Section>
      <Section type="ReportHeader" count="0" width="7827" height="0" id="1">
        <SectionProperties>
          <Attribute name="hold minimal pagefooter free" value="1"/>
        </SectionProperties>
      </Section>
    </Area>
    <Area type="ReportFooter" count="2">
      <AreaProperties>
        <Attribute name="new page after" value="true"/>
        <Attribute name="hold minimal pagefooter free" value="1"/>
      </AreaProperties>
      <Section type="ReportFooter" count="0" width="7827" height="0" id="2">
        <SectionProperties>
          <Attribute name="hold minimal pagefooter free" value="1"/>
        </SectionProperties>
      </Section>
      <Section type="ReportFooter" count="0" width="7827" height="0" id="3">
        <SectionProperties>
          <Attribute name="hold minimal pagefooter free" value="1"/>
        </SectionProperties>
      </Section>
    </Area>
  </AreaPair>

  <AreaPair type="DetailArea" id="1">
    <Area type="Detail" count="1">
      <AreaProperties>
        <Attribute name="multiple column section" value="false"/>
        <Attribute name="hold minimal pagefooter free" value="1"/>
      </AreaProperties>
      <Section type="Detail" count="1" width="7827" height="357" id="4">
        <SectionProperties>
          <Attribute name="multiple column section" value="false"/>
          <Attribute name="hold minimal pagefooter free" value="1"/>
        </SectionProperties>
        <Element type="FieldElement" x_position="0" y_position="57" width="7239" height="221">
          <CommonProperties>
            <Attribute name="horizontal align" value="1"/>
            <Attribute name="close border on page break" value="false"/>
          </CommonProperties>
          <FontProperties>
            <Attribute name="font size" value="195"/>
          </FontProperties>
          <StringProperties>
            <Attribute name="line distance" value="0"/>
            <Attribute name="line distance normal" value="1"/>
          </StringProperties>
          <Reference name="field" type="DatabaseField" refname="DE_DOC_AMBITO.STRDESCRIZIONE"/>
        </Element>
      </Section>
    </Area>
  </AreaPair>

</inet:Report>
<inet:Report xmlns:inet="http://www.inetsoftware.de" major_version="10" minor_version="0" major_xml_version="6" minor_xml_version="5" count="2" id="2">
    <Datasource dll="pdsora7.dll" host="concordia:1521:ORAC10" schema="" catalog="" user="MODENADEV" password="" url="">
      <Tablesource alias="AM_STATO_OCCUPAZ" databaseIdentifier="AM_STATO_OCCUPAZ">
        <Column name="PRGSTATOOCCUPAZ" type="6" />
        <Column name="PRGLAVSTORIAINF" type="6" />
        <Column name="PRGSTATOOCCUPAZPREC" type="6" />
        <Column name="CDNLAVORATORE" type="6" />
        <Column name="DATINIZIO" type="15" />
        <Column name="CODSTATOOCCUPAZ" type="11" />
        <Column name="CODMONOPROVENIENZA" type="11" />
        <Column name="CODCATEGORIA181" type="11" />
        <Column name="DATANZIANITADISOC" type="15" />
        <Column name="NUMANZIANITAPREC297" type="6" />
        <Column name="NUMMESISOSP" type="6" />
        <Column name="DATCALCOLOANZIANITA" type="15" />
        <Column name="DATCALCOLOMESISOSP" type="15" />
        <Column name="NUMREDDITO" type="6" />
        <Column name="STRNUMATTO" type="11" />
        <Column name="DATATTO" type="15" />
        <Column name="DATRICHREVISIONE" type="15" />
        <Column name="CODSTATOATTO" type="11" />
        <Column name="DATRICORSOGIURISDIZ" type="15" />
        <Column name="FLGINDENNIZZATO" type="11" />
        <Column name="FLGPENSIONATO" type="11" />
        <Column name="DATFINE" type="15" />
        <Column name="STRNOTE" type="11" />
        <Column name="CDNUTINS" type="6" />
        <Column name="DTMINS" type="15" />
        <Column name="CDNUTMOD" type="6" />
        <Column name="DTMMOD" type="15" />
        <Column name="NUMKLOSTATOOCCUPAZ" type="6" />
        <Column name="CODMONOCALCOLOANZIANITAPREC297" type="11" />
      </Tablesource>
      <Tablesource alias="DE_STATO_OCCUPAZ" databaseIdentifier="DE_STATO_OCCUPAZ">
        <Column name="CODSTATOOCCUPAZ" type="11" />
        <Column name="STRDESCRIZIONE" type="11" />
        <Column name="CODSTATOOCCUPAZRAGG" type="11" />
        <Column name="NUMMESIBLOCCO" type="6" />
        <Column name="NUMMESIBLOCCOART16" type="6" />
        <Column name="NUMMESIBLOCCOCM" type="6" />
        <Column name="DATINIZIOVAL" type="15" />
        <Column name="DATFINEVAL" type="15" />
        <Column name="FLGGESTIBILE" type="11" />
        <Column name="CODMOTIVOFINEATTO" type="11" />
      </Tablesource>
      <Tablesource alias="DE_STATO_OCCUPAZ_RAGG" databaseIdentifier="DE_STATO_OCCUPAZ_RAGG">
        <Column name="CODSTATOOCCUPAZRAGG" type="11" />
        <Column name="STRDESCRIZIONE" type="11" />
        <Column name="DATINIZIOVAL" type="9" />
        <Column name="DATFINEVAL" type="9" />
      </Tablesource>
    </Datasource>
  <Database>

    <Join from="AM_STATO_OCCUPAZ" to="DE_STATO_OCCUPAZ" type="inn">
      <Link from="CODSTATOOCCUPAZ" to="CODSTATOOCCUPAZ" type="eq"/>
    </Join>

    <Join from="DE_STATO_OCCUPAZ" to="DE_STATO_OCCUPAZ_RAGG" type="inn">
      <Link from="CODSTATOOCCUPAZRAGG" to="CODSTATOOCCUPAZRAGG" type="eq"/>
    </Join>
    <QueryChanges mask="0" count="2">
      <Attribute name="queryChange" value="null"/>
      <Attribute name="queryChange" value="null"/>
    </QueryChanges>
  </Database>
  <FormulaFields count="1">
    <Field type="FormulaField" valueType="11">
      <Attribute name="name" value="dataInizio"/>
      <Attribute name="shortName" value="dataInizio"/>
      <Attribute name="formula type" value="0"/>
      <Attribute name="basic syntax" value="false"/>
      <![CDATA[Local DateVar dat := Date({AM_STATO_OCCUPAZ.DATINIZIO});
Local StringVar dataEff := "";

if (not IsNull({AM_STATO_OCCUPAZ.DATINIZIO})) then
(

   Local StringVar str := "";
   str := ToText(Day(dat),0,'','');
   if (length(str)=1) then
      str := "0"+str;
   dataEff := str; 
   str := ToText(Month(dat),0,'','');
   if (length(str)=1) then
      str := "0"+str;
   dataEff := dataEff + "/" + str;
   str := ToText(Year(dat),0,'','');
   if (length(str)=1) then
      str := "0"+str;
   dataEff := dataEff + "/" + str; 

);

dataEff;]]>
    </Field>
  </FormulaFields>

  <PromptFields count="1">
    <Field type="PromptVarField" valueType="6">
      <Attribute name="name" value="Pm-AN_LAVORATORE.CDNLAVORATORE"/>
      <Attribute name="allow_multiple_values" value="false"/>
      <Attribute name="discrete_or_range" value="0"/>
      <Attribute name="allow editing" value="true"/>
      <Attribute name="prompt_text" value="Pm-AN_LAVORATORE.CDNLAVORATORE"/>
      <Attribute name="use_range" value="false"/>
      <Attribute name="id" value="1"/>
      <PromptValueDescr count="0">
      </PromptValueDescr>
      <Attribute name="sort_type" value="0"/>
    </Field>
  </PromptFields>

  <SQLFields count="0">
  </SQLFields>

  <SummaryFields count="0">
  </SummaryFields>

  <SortFields count="0">
  </SortFields>

  <GroupNameFields count="0">
  </GroupNameFields>

  <Field type="FormulaField" id="-1" valueType="8">
    <Attribute name="name" value="Record_Selection"/>
    <Attribute name="shortName" value="Record_Selection"/>
    <Attribute name="formula type" value="1"/>
    <Attribute name="basic syntax" value="false"/>
    <![CDATA[{AM_STATO_OCCUPAZ.CDNLAVORATORE} = {?Pm-AN_LAVORATORE.CDNLAVORATORE} and IsNull({AM_STATO_OCCUPAZ.DATFINE})]]>
  </Field>
  <ReportProperties>
    <Attribute name="page width" value="11907"/>
    <Attribute name="page height" value="16839"/>
    <Attribute name="page orientation" value="0"/>
    <Attribute name="page margin left" value="341"/>
    <Attribute name="page margin right" value="341"/>
    <Attribute name="page margin top" value="240"/>
    <Attribute name="page margin bottom" value="240"/>
    <Attribute name="report title" value="stato_occupazionale"/>
    <Attribute name="report author" value=""/>
    <Attribute name="report keywords" value=""/>
    <Attribute name="report subject" value=""/>
    <Attribute name="report template" value=""/>
    <Attribute name="report comments" value=""/>
    <Attribute name="report last saved" value="28 Sep 2018 08:32:44 GMT"/>
    <Attribute name="mailing label type 1" value=""/>
    <Attribute name="mailing label type 2" value=""/>
    <Attribute name="format with multiple columns" value="false"/>
    <Attribute name="mailing label width" value="0"/>
    <Attribute name="mailing label height" value="0"/>
    <Attribute name="mailing label distance vertical" value="0"/>
    <Attribute name="mailing label distance horizontal" value="0"/>
    <Attribute name="across then down" value="false"/>
    <Attribute name="format groups with multiple columns" value="false"/>
    <Attribute name="distinct" value="false"/>
    <Attribute name="convert date time" value="2"/>
    <Attribute name="suppress if no rows" value="false"/>
    <Attribute name="convert null values to default" value="false"/>
    <Attribute name="hide PageFooter inside ReportHeader" value="false"/>
  </ReportProperties>
  <AreaPair type="ReportAreaPair" id="0">
    <Area type="ReportHeader" count="2">
      <AreaProperties>
        <Attribute name="new page before" value="true"/>
        <Attribute name="hold minimal pagefooter free" value="1"/>
      </AreaProperties>
      <Section type="ReportHeader" count="0" width="9861" height="0" id="0">
        <SectionProperties>
          <Attribute name="suppress" value="true"/>
          <Attribute name="hold minimal pagefooter free" value="1"/>
        </SectionProperties>
      </Section>
      <Section type="ReportHeader" count="0" width="9861" height="0" id="1">
        <SectionProperties>
          <Attribute name="suppress" value="true"/>
          <Attribute name="hold minimal pagefooter free" value="1"/>
        </SectionProperties>
      </Section>
    </Area>
    <Area type="ReportFooter" count="2">
      <AreaProperties>
        <Attribute name="new page after" value="true"/>
        <Attribute name="hold minimal pagefooter free" value="1"/>
      </AreaProperties>
      <Section type="ReportFooter" count="0" width="9861" height="30" id="2">
        <SectionProperties>
          <Attribute name="suppress" value="true"/>
          <Attribute name="hold minimal pagefooter free" value="1"/>
        </SectionProperties>
      </Section>
      <Section type="ReportFooter" count="0" width="9861" height="30" id="3">
        <SectionProperties>
          <Attribute name="hold minimal pagefooter free" value="1"/>
        </SectionProperties>
      </Section>
    </Area>
  </AreaPair>

  <AreaPair type="DetailArea" id="1">
    <Area type="Detail" count="1">
      <AreaProperties>
        <Attribute name="multiple column section" value="false"/>
        <Attribute name="hold minimal pagefooter free" value="1"/>
      </AreaProperties>
      <Section type="Detail" count="1" width="9861" height="930" id="4">
        <SectionProperties>
          <Attribute name="suppress" value="true"/>
          <Attribute name="multiple column section" value="false"/>
          <Attribute name="hold minimal pagefooter free" value="1"/>
          <PropertyFormula valueType="8" propertyType="drill down">
            <Attribute name="name" value="drill down"/>
            <Attribute name="basic syntax" value="false"/>
            <![CDATA[IsNull({AM_STATO_OCCUPAZ.CDNLAVORATORE})]]>
          </PropertyFormula>
          <PropertyFormula valueType="8" propertyType="suppress">
            <Attribute name="name" value="suppress"/>
            <Attribute name="basic syntax" value="false"/>
            <![CDATA[IsNull({AM_STATO_OCCUPAZ.CDNLAVORATORE})]]>
          </PropertyFormula>
        </SectionProperties>
        <Element type="Text" count="1" x_position="0" y_position="0" width="9750" height="840">
          <CommonProperties>
            <Attribute name="horizontal align" value="1"/>
            <Attribute name="close border on page break" value="false"/>
            <Attribute name="can grow" value="true"/>
          </CommonProperties>
          <Element type="Paragraph" count="7">
            <CommonProperties>
              <Attribute name="horizontal align" value="1"/>
            </CommonProperties>
            <Element type="TextPart">
              <FontProperties>
                <Attribute name="font size" value="240"/>
              </FontProperties>
            <![CDATA[e di essere nello stato occupazionale di ]]>
            </Element>
            <Element type="FieldPart">
              <FontProperties>
                <Attribute name="font size" value="240"/>
              </FontProperties>
              <Reference name="field" type="DatabaseField" refname="DE_STATO_OCCUPAZ_RAGG.STRDESCRIZIONE"/>
            </Element>
            <Element type="TextPart">
              <FontProperties>
                <Attribute name="font size" value="240"/>
              </FontProperties>
            <![CDATA[ : ]]>
            </Element>
            <Element type="FieldPart">
              <FontProperties>
                <Attribute name="font size" value="240"/>
              </FontProperties>
              <Reference name="field" type="DatabaseField" refname="DE_STATO_OCCUPAZ.STRDESCRIZIONE"/>
            </Element>
            <Element type="TextPart">
              <FontProperties>
                <Attribute name="font size" value="240"/>
              </FontProperties>
            <![CDATA[ dalla data ]]>
            </Element>
            <Element type="FieldPart">
              <FontProperties>
                <Attribute name="font size" value="240"/>
              </FontProperties>
              <Reference name="field" type="FormulaField" refname="@dataInizio"/>
            </Element>
            <Element type="TextPart">
            <![CDATA[]]>
            </Element>
          </Element>
        </Element>
      </Section>
    </Area>
  </AreaPair>

</inet:Report>
</inet:Report>
