<?xml version="1.0" encoding="UTF-8" standalone="yes" ?>

<inet:Report xmlns:inet="http://www.inetsoftware.de" major_version="10" minor_version="0" major_xml_version="5" minor_xml_version="3" count="3" id="0">
    <Datasource dll="pdsora7.dll" host="SIL2" schema="" catalog="" user="SIL_TUTTO" password="" url="">
      <Tablesource alias="AG_AGENDA" databaseIdentifier="AG_AGENDA">
        <Column name="CODCPI" type="11" />
        <Column name="PRGAPPUNTAMENTO" type="6" />
        <Column name="DTMDATAORA" type="15" />
        <Column name="NUMMINUTI" type="6" />
        <Column name="NUMORAINIZIOEFF" type="11" />
        <Column name="NUMORAFINEEFF" type="11" />
        <Column name="CODSERVIZIO" type="11" />
        <Column name="PRGSPI" type="6" />
        <Column name="PRGAMBIENTE" type="6" />
        <Column name="PRGSPIEFF" type="6" />
        <Column name="TXTNOTE" type="11" />
        <Column name="PRGTIPOPRENOTAZIONE" type="6" />
        <Column name="STRTELRIF" type="11" />
        <Column name="STREMAILRIF" type="11" />
        <Column name="STRTELMOBILERIF" type="11" />
        <Column name="CODEFFETTOAPPUNT" type="11" />
        <Column name="CODESITOAPPUNT" type="11" />
        <Column name="CDNUTMOD" type="6" />
        <Column name="DTMMOD" type="15" />
        <Column name="CDNUTINS" type="6" />
        <Column name="DTMINS" type="15" />
        <Column name="CODSTATOAPPUNTAMENTO" type="11" />
        <Column name="NUMKLOAGENDA" type="6" />
        <Column name="PRGAZIENDA" type="6" />
        <Column name="PRGUNITA" type="6" />
      </Tablesource>
      <Tablesource alias="AG_LAVORATORE" databaseIdentifier="AG_LAVORATORE">
        <Column name="CDNLAVORATORE" type="6" />
        <Column name="CODCPI" type="11" />
        <Column name="PRGAPPUNTAMENTO" type="6" />
      </Tablesource>
      <Tablesource alias="AN_LAVORATORE" databaseIdentifier="AN_LAVORATORE">
        <Column name="CDNLAVORATORE" type="6" />
        <Column name="STRCODICEFISCALE" type="11" />
        <Column name="STRCOGNOME" type="11" />
        <Column name="STRNOME" type="11" />
        <Column name="STRSESSO" type="11" />
        <Column name="DATNASC" type="15" />
        <Column name="CODCOMNAS" type="11" />
        <Column name="CODCITTADINANZA" type="11" />
        <Column name="CODCITTADINANZA2" type="11" />
        <Column name="CODSTATOCIVILE" type="11" />
        <Column name="FLGMILITE" type="11" />
        <Column name="CODCOMRES" type="11" />
        <Column name="NUMFIGLI" type="6" />
        <Column name="STRINDIRIZZORES" type="11" />
        <Column name="STRLOCALITARES" type="11" />
        <Column name="STRCAPRES" type="11" />
        <Column name="CODCOMDOM" type="11" />
        <Column name="STRINDIRIZZODOM" type="11" />
        <Column name="STRLOCALITADOM" type="11" />
        <Column name="STRCAPDOM" type="11" />
        <Column name="CODCOMREC" type="11" />
        <Column name="STRINDIRIZZOREC" type="11" />
        <Column name="STRLOCALITAREC" type="11" />
        <Column name="STRCAPREC" type="11" />
        <Column name="STRTELRES" type="11" />
        <Column name="STRTELDOM" type="11" />
        <Column name="STRTELALTRO" type="11" />
        <Column name="STRCELL" type="11" />
        <Column name="STREMAIL" type="11" />
        <Column name="STRFAX" type="11" />
        <Column name="STRNOTE" type="11" />
        <Column name="FLGCFOK" type="11" />
        <Column name="CDNUTINS" type="6" />
        <Column name="DTMINS" type="15" />
        <Column name="CDNUTMOD" type="6" />
        <Column name="DTMMOD" type="15" />
        <Column name="NUMKLOLAVORATORE" type="6" />
      </Tablesource>
      <Tablesource alias="DE_STATO_APPUNTAMENTO" databaseIdentifier="DE_STATO_APPUNTAMENTO">
        <Column name="CODSTATOAPPUNTAMENTO" type="11" />
        <Column name="STRDESCRIZIONE" type="11" />
        <Column name="DATINIZIOVAL" type="15" />
        <Column name="DATFINEVAL" type="15" />
        <Column name="FLGATTIVO" type="11" />
      </Tablesource>
    </Datasource>
  <Database>

    <Join from="AG_AGENDA" to="AG_LAVORATORE" type="inn">
      <Link from="CODCPI" to="CODCPI" type="eq"/>
      <Link from="PRGAPPUNTAMENTO" to="PRGAPPUNTAMENTO" type="eq"/>
    </Join>

    <Join from="AG_AGENDA" to="DE_STATO_APPUNTAMENTO" type="inn">
      <Link from="CODSTATOAPPUNTAMENTO" to="CODSTATOAPPUNTAMENTO" type="eq"/>
    </Join>

    <Join from="AG_LAVORATORE" to="AN_LAVORATORE" type="inn">
      <Link from="CDNLAVORATORE" to="CDNLAVORATORE" type="eq"/>
    </Join>
    <SqlJoin>
      <Attribute name="from_table" value="AG_AGENDA"/>
      <Attribute name="to_table" value="AG_LAVORATORE"/>
      <SqlJoinColumns type="from" count="2">
        <Attribute name="column" value="CODCPI"/>
        <Attribute name="column" value="PRGAPPUNTAMENTO"/>
      </SqlJoinColumns>
      <SqlJoinColumns type="to" count="2">
        <Attribute name="column" value="CODCPI"/>
        <Attribute name="column" value="PRGAPPUNTAMENTO"/>
      </SqlJoinColumns>
      <Attribute name="type" value="3"/>
    </SqlJoin>
    <SqlJoin>
      <Attribute name="from_table" value="AG_AGENDA"/>
      <Attribute name="to_table" value="DE_STATO_APPUNTAMENTO"/>
      <SqlJoinColumns type="from" count="1">
        <Attribute name="column" value="CODSTATOAPPUNTAMENTO"/>
      </SqlJoinColumns>
      <SqlJoinColumns type="to" count="1">
        <Attribute name="column" value="CODSTATOAPPUNTAMENTO"/>
      </SqlJoinColumns>
      <Attribute name="type" value="3"/>
    </SqlJoin>
    <SqlJoin>
      <Attribute name="from_table" value="AG_LAVORATORE"/>
      <Attribute name="to_table" value="AN_LAVORATORE"/>
      <SqlJoinColumns type="from" count="1">
        <Attribute name="column" value="CDNLAVORATORE"/>
      </SqlJoinColumns>
      <SqlJoinColumns type="to" count="1">
        <Attribute name="column" value="CDNLAVORATORE"/>
      </SqlJoinColumns>
      <Attribute name="type" value="3"/>
    </SqlJoin>
    <QueryChanges mask="0" count="2">
      <Attribute name="queryChange" value="null"/>
      <Attribute name="queryChange" value="null"/>
    </QueryChanges>
  </Database>
  <DatabaseFields count="70">
    <Field type="DatabaseField" id="0" valueType="15">
      <Attribute name="name" value="AG_AGENDA.DTMDATAORA"/>
      <Attribute name="shortName" value="DTMDATAORA"/>
      <Attribute name="operation" value="0"/>
      <Attribute name="summary_nth" value="0"/>
    </Field>
    <Field type="DatabaseField" id="1" valueType="15">
      <Attribute name="name" value="AN_LAVORATORE.DATNASC"/>
      <Attribute name="shortName" value="DATNASC"/>
      <Attribute name="operation" value="0"/>
      <Attribute name="summary_nth" value="0"/>
    </Field>
    <Field type="DatabaseField" id="2" valueType="11">
      <Attribute name="name" value="AN_LAVORATORE.STRTELRES"/>
      <Attribute name="shortName" value="STRTELRES"/>
      <Attribute name="operation" value="0"/>
      <Attribute name="summary_nth" value="0"/>
    </Field>
    <Field type="DatabaseField" id="3" valueType="11">
      <Attribute name="name" value="AN_LAVORATORE.STRTELDOM"/>
      <Attribute name="shortName" value="STRTELDOM"/>
      <Attribute name="operation" value="0"/>
      <Attribute name="summary_nth" value="0"/>
    </Field>
    <Field type="DatabaseField" id="4" valueType="11">
      <Attribute name="name" value="AN_LAVORATORE.STRCELL"/>
      <Attribute name="shortName" value="STRCELL"/>
      <Attribute name="operation" value="0"/>
      <Attribute name="summary_nth" value="0"/>
    </Field>
    <Field type="DatabaseField" id="5" valueType="11">
      <Attribute name="name" value="AN_LAVORATORE.STREMAIL"/>
      <Attribute name="shortName" value="STREMAIL"/>
      <Attribute name="operation" value="0"/>
      <Attribute name="summary_nth" value="0"/>
    </Field>
    <Field type="DatabaseField" id="6" valueType="11">
      <Attribute name="name" value="DE_STATO_APPUNTAMENTO.CODSTATOAPPUNTAMENTO"/>
      <Attribute name="shortName" value="CODSTATOAPPUNTAMENTO"/>
      <Attribute name="operation" value="0"/>
      <Attribute name="summary_nth" value="0"/>
    </Field>
    <Field type="DatabaseField" id="7" valueType="11">
      <Attribute name="name" value="DE_STATO_APPUNTAMENTO.FLGATTIVO"/>
      <Attribute name="shortName" value="FLGATTIVO"/>
      <Attribute name="operation" value="0"/>
      <Attribute name="summary_nth" value="0"/>
    </Field>
    <Field type="DatabaseField" id="8" valueType="11">
      <Attribute name="name" value="AN_LAVORATORE.STRCOGNOME"/>
      <Attribute name="shortName" value="STRCOGNOME"/>
      <Attribute name="operation" value="0"/>
      <Attribute name="summary_nth" value="0"/>
    </Field>
    <Field type="DatabaseField" id="9" valueType="11">
      <Attribute name="name" value="AN_LAVORATORE.STRNOME"/>
      <Attribute name="shortName" value="STRNOME"/>
      <Attribute name="operation" value="0"/>
      <Attribute name="summary_nth" value="0"/>
    </Field>
    <Field type="DatabaseField" id="10" valueType="11">
      <Attribute name="name" value="AG_AGENDA.CODCPI"/>
      <Attribute name="shortName" value="CODCPI"/>
      <Attribute name="operation" value="0"/>
      <Attribute name="summary_nth" value="0"/>
    </Field>
    <Field type="DatabaseField" id="11" valueType="11">
      <Attribute name="name" value="AG_AGENDA.CODSERVIZIO"/>
      <Attribute name="shortName" value="CODSERVIZIO"/>
      <Attribute name="operation" value="0"/>
      <Attribute name="summary_nth" value="0"/>
    </Field>
    <Field type="DatabaseField" id="12" valueType="6">
      <Attribute name="name" value="AG_AGENDA.PRGAPPUNTAMENTO"/>
      <Attribute name="shortName" value="PRGAPPUNTAMENTO"/>
      <Attribute name="operation" value="0"/>
      <Attribute name="summary_nth" value="0"/>
    </Field>
    <Field type="DatabaseField" id="13" valueType="6">
      <Attribute name="name" value="AG_AGENDA.NUMMINUTI"/>
      <Attribute name="shortName" value="NUMMINUTI"/>
      <Attribute name="operation" value="0"/>
      <Attribute name="summary_nth" value="0"/>
    </Field>
    <Field type="DatabaseField" id="14" valueType="11">
      <Attribute name="name" value="AG_AGENDA.NUMORAINIZIOEFF"/>
      <Attribute name="shortName" value="NUMORAINIZIOEFF"/>
      <Attribute name="operation" value="0"/>
      <Attribute name="summary_nth" value="0"/>
    </Field>
    <Field type="DatabaseField" id="15" valueType="11">
      <Attribute name="name" value="AG_AGENDA.NUMORAFINEEFF"/>
      <Attribute name="shortName" value="NUMORAFINEEFF"/>
      <Attribute name="operation" value="0"/>
      <Attribute name="summary_nth" value="0"/>
    </Field>
    <Field type="DatabaseField" id="16" valueType="6">
      <Attribute name="name" value="AG_AGENDA.PRGSPI"/>
      <Attribute name="shortName" value="PRGSPI"/>
      <Attribute name="operation" value="0"/>
      <Attribute name="summary_nth" value="0"/>
    </Field>
    <Field type="DatabaseField" id="17" valueType="6">
      <Attribute name="name" value="AG_AGENDA.PRGAMBIENTE"/>
      <Attribute name="shortName" value="PRGAMBIENTE"/>
      <Attribute name="operation" value="0"/>
      <Attribute name="summary_nth" value="0"/>
    </Field>
    <Field type="DatabaseField" id="18" valueType="6">
      <Attribute name="name" value="AG_AGENDA.PRGSPIEFF"/>
      <Attribute name="shortName" value="PRGSPIEFF"/>
      <Attribute name="operation" value="0"/>
      <Attribute name="summary_nth" value="0"/>
    </Field>
    <Field type="DatabaseField" id="19" valueType="11">
      <Attribute name="name" value="AG_AGENDA.TXTNOTE"/>
      <Attribute name="shortName" value="TXTNOTE"/>
      <Attribute name="operation" value="0"/>
      <Attribute name="summary_nth" value="0"/>
    </Field>
    <Field type="DatabaseField" id="20" valueType="6">
      <Attribute name="name" value="AG_AGENDA.PRGTIPOPRENOTAZIONE"/>
      <Attribute name="shortName" value="PRGTIPOPRENOTAZIONE"/>
      <Attribute name="operation" value="0"/>
      <Attribute name="summary_nth" value="0"/>
    </Field>
    <Field type="DatabaseField" id="21" valueType="11">
      <Attribute name="name" value="AG_AGENDA.STRTELRIF"/>
      <Attribute name="shortName" value="STRTELRIF"/>
      <Attribute name="operation" value="0"/>
      <Attribute name="summary_nth" value="0"/>
    </Field>
    <Field type="DatabaseField" id="22" valueType="11">
      <Attribute name="name" value="AG_AGENDA.STREMAILRIF"/>
      <Attribute name="shortName" value="STREMAILRIF"/>
      <Attribute name="operation" value="0"/>
      <Attribute name="summary_nth" value="0"/>
    </Field>
    <Field type="DatabaseField" id="23" valueType="11">
      <Attribute name="name" value="AG_AGENDA.STRTELMOBILERIF"/>
      <Attribute name="shortName" value="STRTELMOBILERIF"/>
      <Attribute name="operation" value="0"/>
      <Attribute name="summary_nth" value="0"/>
    </Field>
    <Field type="DatabaseField" id="24" valueType="11">
      <Attribute name="name" value="AG_AGENDA.CODEFFETTOAPPUNT"/>
      <Attribute name="shortName" value="CODEFFETTOAPPUNT"/>
      <Attribute name="operation" value="0"/>
      <Attribute name="summary_nth" value="0"/>
    </Field>
    <Field type="DatabaseField" id="25" valueType="11">
      <Attribute name="name" value="AG_AGENDA.CODESITOAPPUNT"/>
      <Attribute name="shortName" value="CODESITOAPPUNT"/>
      <Attribute name="operation" value="0"/>
      <Attribute name="summary_nth" value="0"/>
    </Field>
    <Field type="DatabaseField" id="26" valueType="6">
      <Attribute name="name" value="AG_AGENDA.CDNUTMOD"/>
      <Attribute name="shortName" value="CDNUTMOD"/>
      <Attribute name="operation" value="0"/>
      <Attribute name="summary_nth" value="0"/>
    </Field>
    <Field type="DatabaseField" id="27" valueType="15">
      <Attribute name="name" value="AG_AGENDA.DTMMOD"/>
      <Attribute name="shortName" value="DTMMOD"/>
      <Attribute name="operation" value="0"/>
      <Attribute name="summary_nth" value="0"/>
    </Field>
    <Field type="DatabaseField" id="28" valueType="6">
      <Attribute name="name" value="AG_AGENDA.CDNUTINS"/>
      <Attribute name="shortName" value="CDNUTINS"/>
      <Attribute name="operation" value="0"/>
      <Attribute name="summary_nth" value="0"/>
    </Field>
    <Field type="DatabaseField" id="29" valueType="15">
      <Attribute name="name" value="AG_AGENDA.DTMINS"/>
      <Attribute name="shortName" value="DTMINS"/>
      <Attribute name="operation" value="0"/>
      <Attribute name="summary_nth" value="0"/>
    </Field>
    <Field type="DatabaseField" id="30" valueType="11">
      <Attribute name="name" value="AG_AGENDA.CODSTATOAPPUNTAMENTO"/>
      <Attribute name="shortName" value="CODSTATOAPPUNTAMENTO"/>
      <Attribute name="operation" value="0"/>
      <Attribute name="summary_nth" value="0"/>
    </Field>
    <Field type="DatabaseField" id="31" valueType="6">
      <Attribute name="name" value="AG_AGENDA.NUMKLOAGENDA"/>
      <Attribute name="shortName" value="NUMKLOAGENDA"/>
      <Attribute name="operation" value="0"/>
      <Attribute name="summary_nth" value="0"/>
    </Field>
    <Field type="DatabaseField" id="32" valueType="6">
      <Attribute name="name" value="AG_AGENDA.PRGAZIENDA"/>
      <Attribute name="shortName" value="PRGAZIENDA"/>
      <Attribute name="operation" value="0"/>
      <Attribute name="summary_nth" value="0"/>
    </Field>
    <Field type="DatabaseField" id="33" valueType="6">
      <Attribute name="name" value="AG_AGENDA.PRGUNITA"/>
      <Attribute name="shortName" value="PRGUNITA"/>
      <Attribute name="operation" value="0"/>
      <Attribute name="summary_nth" value="0"/>
    </Field>
    <Field type="DatabaseField" id="34" valueType="6">
      <Attribute name="name" value="AG_LAVORATORE.CDNLAVORATORE"/>
      <Attribute name="shortName" value="CDNLAVORATORE"/>
      <Attribute name="operation" value="0"/>
      <Attribute name="summary_nth" value="0"/>
    </Field>
    <Field type="DatabaseField" id="35" valueType="11">
      <Attribute name="name" value="AG_LAVORATORE.CODCPI"/>
      <Attribute name="shortName" value="CODCPI"/>
      <Attribute name="operation" value="0"/>
      <Attribute name="summary_nth" value="0"/>
    </Field>
    <Field type="DatabaseField" id="36" valueType="6">
      <Attribute name="name" value="AG_LAVORATORE.PRGAPPUNTAMENTO"/>
      <Attribute name="shortName" value="PRGAPPUNTAMENTO"/>
      <Attribute name="operation" value="0"/>
      <Attribute name="summary_nth" value="0"/>
    </Field>
    <Field type="DatabaseField" id="37" valueType="6">
      <Attribute name="name" value="AN_LAVORATORE.CDNLAVORATORE"/>
      <Attribute name="shortName" value="CDNLAVORATORE"/>
      <Attribute name="operation" value="0"/>
      <Attribute name="summary_nth" value="0"/>
    </Field>
    <Field type="DatabaseField" id="38" valueType="11">
      <Attribute name="name" value="AN_LAVORATORE.STRCODICEFISCALE"/>
      <Attribute name="shortName" value="STRCODICEFISCALE"/>
      <Attribute name="operation" value="0"/>
      <Attribute name="summary_nth" value="0"/>
    </Field>
    <Field type="DatabaseField" id="39" valueType="11">
      <Attribute name="name" value="AN_LAVORATORE.STRSESSO"/>
      <Attribute name="shortName" value="STRSESSO"/>
      <Attribute name="operation" value="0"/>
      <Attribute name="summary_nth" value="0"/>
    </Field>
    <Field type="DatabaseField" id="40" valueType="11">
      <Attribute name="name" value="AN_LAVORATORE.CODCOMNAS"/>
      <Attribute name="shortName" value="CODCOMNAS"/>
      <Attribute name="operation" value="0"/>
      <Attribute name="summary_nth" value="0"/>
    </Field>
    <Field type="DatabaseField" id="41" valueType="11">
      <Attribute name="name" value="AN_LAVORATORE.CODCITTADINANZA"/>
      <Attribute name="shortName" value="CODCITTADINANZA"/>
      <Attribute name="operation" value="0"/>
      <Attribute name="summary_nth" value="0"/>
    </Field>
    <Field type="DatabaseField" id="42" valueType="11">
      <Attribute name="name" value="AN_LAVORATORE.CODCITTADINANZA2"/>
      <Attribute name="shortName" value="CODCITTADINANZA2"/>
      <Attribute name="operation" value="0"/>
      <Attribute name="summary_nth" value="0"/>
    </Field>
    <Field type="DatabaseField" id="43" valueType="11">
      <Attribute name="name" value="AN_LAVORATORE.CODSTATOCIVILE"/>
      <Attribute name="shortName" value="CODSTATOCIVILE"/>
      <Attribute name="operation" value="0"/>
      <Attribute name="summary_nth" value="0"/>
    </Field>
    <Field type="DatabaseField" id="44" valueType="11">
      <Attribute name="name" value="AN_LAVORATORE.FLGMILITE"/>
      <Attribute name="shortName" value="FLGMILITE"/>
      <Attribute name="operation" value="0"/>
      <Attribute name="summary_nth" value="0"/>
    </Field>
    <Field type="DatabaseField" id="45" valueType="11">
      <Attribute name="name" value="AN_LAVORATORE.CODCOMRES"/>
      <Attribute name="shortName" value="CODCOMRES"/>
      <Attribute name="operation" value="0"/>
      <Attribute name="summary_nth" value="0"/>
    </Field>
    <Field type="DatabaseField" id="46" valueType="6">
      <Attribute name="name" value="AN_LAVORATORE.NUMFIGLI"/>
      <Attribute name="shortName" value="NUMFIGLI"/>
      <Attribute name="operation" value="0"/>
      <Attribute name="summary_nth" value="0"/>
    </Field>
    <Field type="DatabaseField" id="47" valueType="11">
      <Attribute name="name" value="AN_LAVORATORE.STRINDIRIZZORES"/>
      <Attribute name="shortName" value="STRINDIRIZZORES"/>
      <Attribute name="operation" value="0"/>
      <Attribute name="summary_nth" value="0"/>
    </Field>
    <Field type="DatabaseField" id="48" valueType="11">
      <Attribute name="name" value="AN_LAVORATORE.STRLOCALITARES"/>
      <Attribute name="shortName" value="STRLOCALITARES"/>
      <Attribute name="operation" value="0"/>
      <Attribute name="summary_nth" value="0"/>
    </Field>
    <Field type="DatabaseField" id="49" valueType="11">
      <Attribute name="name" value="AN_LAVORATORE.STRCAPRES"/>
      <Attribute name="shortName" value="STRCAPRES"/>
      <Attribute name="operation" value="0"/>
      <Attribute name="summary_nth" value="0"/>
    </Field>
    <Field type="DatabaseField" id="50" valueType="11">
      <Attribute name="name" value="AN_LAVORATORE.CODCOMDOM"/>
      <Attribute name="shortName" value="CODCOMDOM"/>
      <Attribute name="operation" value="0"/>
      <Attribute name="summary_nth" value="0"/>
    </Field>
    <Field type="DatabaseField" id="51" valueType="11">
      <Attribute name="name" value="AN_LAVORATORE.STRINDIRIZZODOM"/>
      <Attribute name="shortName" value="STRINDIRIZZODOM"/>
      <Attribute name="operation" value="0"/>
      <Attribute name="summary_nth" value="0"/>
    </Field>
    <Field type="DatabaseField" id="52" valueType="11">
      <Attribute name="name" value="AN_LAVORATORE.STRLOCALITADOM"/>
      <Attribute name="shortName" value="STRLOCALITADOM"/>
      <Attribute name="operation" value="0"/>
      <Attribute name="summary_nth" value="0"/>
    </Field>
    <Field type="DatabaseField" id="53" valueType="11">
      <Attribute name="name" value="AN_LAVORATORE.STRCAPDOM"/>
      <Attribute name="shortName" value="STRCAPDOM"/>
      <Attribute name="operation" value="0"/>
      <Attribute name="summary_nth" value="0"/>
    </Field>
    <Field type="DatabaseField" id="54" valueType="11">
      <Attribute name="name" value="AN_LAVORATORE.CODCOMREC"/>
      <Attribute name="shortName" value="CODCOMREC"/>
      <Attribute name="operation" value="0"/>
      <Attribute name="summary_nth" value="0"/>
    </Field>
    <Field type="DatabaseField" id="55" valueType="11">
      <Attribute name="name" value="AN_LAVORATORE.STRINDIRIZZOREC"/>
      <Attribute name="shortName" value="STRINDIRIZZOREC"/>
      <Attribute name="operation" value="0"/>
      <Attribute name="summary_nth" value="0"/>
    </Field>
    <Field type="DatabaseField" id="56" valueType="11">
      <Attribute name="name" value="AN_LAVORATORE.STRLOCALITAREC"/>
      <Attribute name="shortName" value="STRLOCALITAREC"/>
      <Attribute name="operation" value="0"/>
      <Attribute name="summary_nth" value="0"/>
    </Field>
    <Field type="DatabaseField" id="57" valueType="11">
      <Attribute name="name" value="AN_LAVORATORE.STRCAPREC"/>
      <Attribute name="shortName" value="STRCAPREC"/>
      <Attribute name="operation" value="0"/>
      <Attribute name="summary_nth" value="0"/>
    </Field>
    <Field type="DatabaseField" id="58" valueType="11">
      <Attribute name="name" value="AN_LAVORATORE.STRTELALTRO"/>
      <Attribute name="shortName" value="STRTELALTRO"/>
      <Attribute name="operation" value="0"/>
      <Attribute name="summary_nth" value="0"/>
    </Field>
    <Field type="DatabaseField" id="59" valueType="11">
      <Attribute name="name" value="AN_LAVORATORE.STRFAX"/>
      <Attribute name="shortName" value="STRFAX"/>
      <Attribute name="operation" value="0"/>
      <Attribute name="summary_nth" value="0"/>
    </Field>
    <Field type="DatabaseField" id="60" valueType="11">
      <Attribute name="name" value="AN_LAVORATORE.STRNOTE"/>
      <Attribute name="shortName" value="STRNOTE"/>
      <Attribute name="operation" value="0"/>
      <Attribute name="summary_nth" value="0"/>
    </Field>
    <Field type="DatabaseField" id="61" valueType="11">
      <Attribute name="name" value="AN_LAVORATORE.FLGCFOK"/>
      <Attribute name="shortName" value="FLGCFOK"/>
      <Attribute name="operation" value="0"/>
      <Attribute name="summary_nth" value="0"/>
    </Field>
    <Field type="DatabaseField" id="62" valueType="6">
      <Attribute name="name" value="AN_LAVORATORE.CDNUTINS"/>
      <Attribute name="shortName" value="CDNUTINS"/>
      <Attribute name="operation" value="0"/>
      <Attribute name="summary_nth" value="0"/>
    </Field>
    <Field type="DatabaseField" id="63" valueType="15">
      <Attribute name="name" value="AN_LAVORATORE.DTMINS"/>
      <Attribute name="shortName" value="DTMINS"/>
      <Attribute name="operation" value="0"/>
      <Attribute name="summary_nth" value="0"/>
    </Field>
    <Field type="DatabaseField" id="64" valueType="6">
      <Attribute name="name" value="AN_LAVORATORE.CDNUTMOD"/>
      <Attribute name="shortName" value="CDNUTMOD"/>
      <Attribute name="operation" value="0"/>
      <Attribute name="summary_nth" value="0"/>
    </Field>
    <Field type="DatabaseField" id="65" valueType="15">
      <Attribute name="name" value="AN_LAVORATORE.DTMMOD"/>
      <Attribute name="shortName" value="DTMMOD"/>
      <Attribute name="operation" value="0"/>
      <Attribute name="summary_nth" value="0"/>
    </Field>
    <Field type="DatabaseField" id="66" valueType="6">
      <Attribute name="name" value="AN_LAVORATORE.NUMKLOLAVORATORE"/>
      <Attribute name="shortName" value="NUMKLOLAVORATORE"/>
      <Attribute name="operation" value="0"/>
      <Attribute name="summary_nth" value="0"/>
    </Field>
    <Field type="DatabaseField" id="67" valueType="11">
      <Attribute name="name" value="DE_STATO_APPUNTAMENTO.STRDESCRIZIONE"/>
      <Attribute name="shortName" value="STRDESCRIZIONE"/>
      <Attribute name="operation" value="0"/>
      <Attribute name="summary_nth" value="0"/>
    </Field>
    <Field type="DatabaseField" id="68" valueType="15">
      <Attribute name="name" value="DE_STATO_APPUNTAMENTO.DATINIZIOVAL"/>
      <Attribute name="shortName" value="DATINIZIOVAL"/>
      <Attribute name="operation" value="0"/>
      <Attribute name="summary_nth" value="0"/>
    </Field>
    <Field type="DatabaseField" id="69" valueType="15">
      <Attribute name="name" value="DE_STATO_APPUNTAMENTO.DATFINEVAL"/>
      <Attribute name="shortName" value="DATFINEVAL"/>
      <Attribute name="operation" value="0"/>
      <Attribute name="summary_nth" value="0"/>
    </Field>
  </DatabaseFields>

  <FormulaFields count="10">
    <Field type="FormulaField" id="0" valueType="12">
      <Attribute name="name" value="Cognome"/>
      <Attribute name="shortName" value="Cognome"/>
      <Attribute name="operation" value="0"/>
      <Attribute name="summary_nth" value="0"/>
      <Attribute name="formula type" value="0"/>
      <Attribute name="basic syntax" value="false"/>
      <![CDATA[Trim ({AN_LAVORATORE.STRCOGNOME})]]>
    </Field>
    <Field type="FormulaField" id="1" valueType="12">
      <Attribute name="name" value="Nome"/>
      <Attribute name="shortName" value="Nome"/>
      <Attribute name="operation" value="0"/>
      <Attribute name="summary_nth" value="0"/>
      <Attribute name="formula type" value="0"/>
      <Attribute name="basic syntax" value="false"/>
      <![CDATA[Trim ({AN_LAVORATORE.STRNOME})]]>
    </Field>
    <Field type="FormulaField" id="2" valueType="11">
      <Attribute name="name" value="dataNasc"/>
      <Attribute name="shortName" value="dataNasc"/>
      <Attribute name="operation" value="0"/>
      <Attribute name="summary_nth" value="0"/>
      <Attribute name="formula type" value="0"/>
      <Attribute name="basic syntax" value="false"/>
      <![CDATA[local StringVar strDataNasc = "";

local StringVar strDataNascFinal = "";

strDataNasc := ToText({AN_LAVORATORE.DATNASC});

strDataNascFinal := ToText(Date(ToNumber(Mid(strDataNasc,7,4)),ToNumber(Mid(strDataNasc,4,2)),ToNumber(Mid(strDataNasc,1,2))));

strDataNascFinal]]>
    </Field>
    <Field type="FormulaField" id="3" valueType="12">
      <Attribute name="name" value="cellulare"/>
      <Attribute name="shortName" value="cellulare"/>
      <Attribute name="operation" value="0"/>
      <Attribute name="summary_nth" value="0"/>
      <Attribute name="formula type" value="0"/>
      <Attribute name="basic syntax" value="false"/>
      <![CDATA[local numberVar i;

local StringVar strCell = "";

for i := 1 to Length ({AN_LAVORATORE.STRCELL}) step 1 do 

(

IF (ISNUMERIC(MID ({AN_LAVORATORE.STRCELL}, i, 1)))

THEN

(

strCell := strCell + MID ({AN_LAVORATORE.STRCELL}, i, 1);

)

);

strCell]]>
    </Field>
    <Field type="FormulaField" id="4" valueType="12">
      <Attribute name="name" value="telFissoDom"/>
      <Attribute name="shortName" value="telFissoDom"/>
      <Attribute name="operation" value="0"/>
      <Attribute name="summary_nth" value="0"/>
      <Attribute name="formula type" value="0"/>
      <Attribute name="basic syntax" value="false"/>
      <![CDATA[local numberVar i;

local StringVar strTelFisso  = "";

local StringVar strTelFissoFinal = "";

strTelFisso := Trim ({AN_LAVORATORE.STRTELDOM});

IF strTelFisso  = ""

THEN

(

strTelFisso := Trim ({AN_LAVORATORE.STRTELRES});

);

IF strTelFisso  <> ""

THEN

(

for i := 1 to Length (strTelFisso) step 1 do 

(

IF (ISNUMERIC(MID (strTelFisso, i, 1)))

THEN

(

strTelFissoFinal := strTelFissoFinal + MID (strTelFisso, i, 1);

)

)

);

strTelFissoFinal









]]>
    </Field>
    <Field type="FormulaField" id="5" valueType="12">
      <Attribute name="name" value="mail"/>
      <Attribute name="shortName" value="mail"/>
      <Attribute name="operation" value="0"/>
      <Attribute name="summary_nth" value="0"/>
      <Attribute name="formula type" value="0"/>
      <Attribute name="basic syntax" value="false"/>
      <![CDATA[local StringVar strMail  = "";

strMail := Trim ({AN_LAVORATORE.STREMAIL})]]>
    </Field>
    <Field type="FormulaField" id="6" valueType="7">
      <Attribute name="name" value="contatore"/>
      <Attribute name="shortName" value="contatore"/>
      <Attribute name="operation" value="0"/>
      <Attribute name="summary_nth" value="0"/>
      <Attribute name="formula type" value="0"/>
      <Attribute name="basic syntax" value="false"/>
      <![CDATA[global numberVar cont := 0;]]>
    </Field>
    <Field type="FormulaField" id="7" valueType="7">
      <Attribute name="name" value="riga"/>
      <Attribute name="shortName" value="riga"/>
      <Attribute name="operation" value="0"/>
      <Attribute name="summary_nth" value="0"/>
      <Attribute name="formula type" value="0"/>
      <Attribute name="basic syntax" value="false"/>
      <![CDATA[WhilePrintingRecords;

global numberVar cont;

local numberVar numeroRiga := 0;

cont := cont + 1;

numeroRiga := cont;]]>
    </Field>
    <Field type="FormulaField" id="8" valueType="11">
      <Attribute name="name" value="sottostringa"/>
      <Attribute name="shortName" value="sottostringa"/>
      <Attribute name="operation" value="0"/>
      <Attribute name="summary_nth" value="0"/>
      <Attribute name="formula type" value="0"/>
      <Attribute name="basic syntax" value="false"/>
      <![CDATA[]]>
    </Field>
    <Field type="FormulaField" id="9" valueType="11">
      <Attribute name="name" value="telFissoRes"/>
      <Attribute name="shortName" value="telFissoRes"/>
      <Attribute name="operation" value="0"/>
      <Attribute name="summary_nth" value="0"/>
      <Attribute name="formula type" value="0"/>
      <Attribute name="basic syntax" value="false"/>
      <![CDATA[local StringVar strTelFissoRes  = "";

strTelFissoRes := Trim ({AN_LAVORATORE.STRTELRES});

IF NOT ISNUMERIC (strTelFissoRes)

THEN

(

strTelFissoRes := "";

)]]>
    </Field>
  </FormulaFields>

  <PromptFields count="3">
    <Field type="PromptVarField" id="0" valueType="11">
      <Attribute name="name" value="codcpi"/>
      <Attribute name="operation" value="0"/>
      <Attribute name="summary_nth" value="0"/>
      <Attribute name="allow_multiple_values" value="false"/>
      <Attribute name="discrete_or_range" value="0"/>
      <Attribute name="allow editing" value="true"/>
      <Attribute name="prompt_text" value=""/>
      <Attribute name="use_range" value="false"/>
      <Attribute name="id" value="0"/>
      <PromptValueDescr count="0">
      </PromptValueDescr>
      <Attribute name="sort_type" value="0"/>
    </Field>
    <Field type="PromptVarField" id="1" valueType="11">
      <Attribute name="name" value="dataRicerca"/>
      <Attribute name="operation" value="0"/>
      <Attribute name="summary_nth" value="0"/>
      <Attribute name="allow_multiple_values" value="false"/>
      <Attribute name="discrete_or_range" value="0"/>
      <Attribute name="allow editing" value="true"/>
      <Attribute name="prompt_text" value=""/>
      <Attribute name="use_range" value="false"/>
      <Attribute name="id" value="0"/>
      <PromptValueDescr count="0">
      </PromptValueDescr>
      <Attribute name="sort_type" value="0"/>
    </Field>
    <Field type="PromptVarField" id="2" valueType="11">
      <Attribute name="name" value="servizio"/>
      <Attribute name="operation" value="0"/>
      <Attribute name="summary_nth" value="0"/>
      <Attribute name="allow_multiple_values" value="false"/>
      <Attribute name="discrete_or_range" value="0"/>
      <Attribute name="allow editing" value="true"/>
      <Attribute name="prompt_text" value=""/>
      <Attribute name="use_range" value="false"/>
      <Attribute name="id" value="0"/>
      <PromptValueDescr count="0">
      </PromptValueDescr>
      <Attribute name="sort_type" value="0"/>
    </Field>
  </PromptFields>

  <SQLFields count="0">
  </SQLFields>

  <SummaryFields count="0">
  </SummaryFields>

  <SortFields count="0">
  </SortFields>

  <GroupNameFields count="0">
  </GroupNameFields>

  <Field type="FormulaField" id="-1" valueType="8">
    <Attribute name="name" value="Record_Selection"/>
    <Attribute name="shortName" value="Record_Selection"/>
    <Attribute name="operation" value="0"/>
    <Attribute name="summary_nth" value="0"/>
    <Attribute name="formula type" value="1"/>
    <Attribute name="basic syntax" value="false"/>
    <![CDATA[IF {?servizio} <> "" THEN

(

{AG_AGENDA.CODCPI} = {?codcpi} AND

{AG_AGENDA.CODSERVIZIO} = {?servizio} AND

{AG_AGENDA.DTMDATAORA} >= CDateTime(ToNumber(Mid({?dataRicerca},7,4)),ToNumber(Mid({?dataRicerca},4,2)),ToNumber(Mid({?dataRicerca},1,2)),00,00,00) AND

{AG_AGENDA.DTMDATAORA} <= CDateTime(ToNumber(Mid({?dataRicerca},7,4)),ToNumber(Mid({?dataRicerca},4,2)),ToNumber(Mid({?dataRicerca},1,2)),23,59,59) AND

{DE_STATO_APPUNTAMENTO.FLGATTIVO} = 'S'

)

ELSE

(

{AG_AGENDA.CODCPI} = {?codcpi} AND

{AG_AGENDA.DTMDATAORA} >= CDateTime(ToNumber(Mid({?dataRicerca},7,4)),ToNumber(Mid({?dataRicerca},4,2)),ToNumber(Mid({?dataRicerca},1,2)),00,00,00) AND

{AG_AGENDA.DTMDATAORA} <= CDateTime(ToNumber(Mid({?dataRicerca},7,4)),ToNumber(Mid({?dataRicerca},4,2)),ToNumber(Mid({?dataRicerca},1,2)),23,59,59) AND

{DE_STATO_APPUNTAMENTO.FLGATTIVO} = 'S'

)]]>
  </Field>
  <ReportProperties>
    <Attribute name="page width" value="11904"/>
    <Attribute name="page height" value="16836"/>
    <Attribute name="page orientation" value="0"/>
    <Attribute name="page margin left" value="240"/>
    <Attribute name="page margin right" value="240"/>
    <Attribute name="page margin top" value="283"/>
    <Attribute name="page margin bottom" value="283"/>
    <Attribute name="report title" value=""/>
    <Attribute name="report author" value=""/>
    <Attribute name="report keywords" value=""/>
    <Attribute name="report subject" value=""/>
    <Attribute name="report template" value=""/>
    <Attribute name="report comments" value=""/>
    <Attribute name="report last saved" value="16 Jun 2005 10:54:39 GMT"/>
    <Attribute name="report created" value="22 Apr 2004 10:52:22 GMT"/>
    <Attribute name="mailing label type 1" value=""/>
    <Attribute name="mailing label type 2" value=""/>
    <Attribute name="format with multiple columns" value="false"/>
    <Attribute name="mailing label width" value="0"/>
    <Attribute name="mailing label height" value="0"/>
    <Attribute name="mailing label distance vertical" value="0"/>
    <Attribute name="mailing label distance horizontal" value="0"/>
    <Attribute name="across then down" value="false"/>
    <Attribute name="format groups with multiple columns" value="false"/>
    <Attribute name="distinct" value="false"/>
    <Attribute name="convert date time" value="2"/>
    <Attribute name="suppress if no rows" value="false"/>
  </ReportProperties>
  <AreaPair type="PageAreaPair" id="0">
    <Area type="PageHeader" count="1">
      <AreaProperties>
        <Attribute name="drill down" value="false"/>
        <Attribute name="hold minimal pagefooter free" value="1"/>
      </AreaProperties>
      <Section type="PageHeader" count="7" width="11424" height="491" id="0">
        <SectionProperties>
          <Attribute name="drill down" value="false"/>
          <Attribute name="hold minimal pagefooter free" value="1"/>
        </SectionProperties>
        <Element type="Text" count="1" x2_position="0" y2_position="0" x_position="120" y_position="120" width="960" height="221">
          <CommonProperties>
            <Attribute name="horizontal align" value="1"/>
            <Attribute name="close border on page break" value="false"/>
            <Attribute name="quick info text" value=""/>
          </CommonProperties>
          <FontProperties>
            <Attribute name="font size" value="200"/>
            <Attribute name="font style" value="1"/>
          </FontProperties>
          <Element type="Paragraph" count="1" x_position="0" y_position="0" width="0" height="0">
            <CommonProperties>
              <Attribute name="horizontal align" value="1"/>
            </CommonProperties>
            <Element type="TextPart" count="0" x_position="0" y_position="0" width="0" height="0">
              <FontProperties>
                <Attribute name="font size" value="200"/>
                <Attribute name="font style" value="1"/>
              </FontProperties>
            <![CDATA[NUM]]>
            </Element>
          </Element>
        </Element>
        <Element type="Text" count="1" x2_position="0" y2_position="0" x_position="1200" y_position="120" width="1680" height="221">
          <CommonProperties>
            <Attribute name="horizontal align" value="1"/>
            <Attribute name="close border on page break" value="false"/>
            <Attribute name="quick info text" value=""/>
          </CommonProperties>
          <FontProperties>
            <Attribute name="font size" value="200"/>
            <Attribute name="font style" value="1"/>
          </FontProperties>
          <Element type="Paragraph" count="1" x_position="0" y_position="0" width="0" height="0">
            <CommonProperties>
              <Attribute name="horizontal align" value="1"/>
            </CommonProperties>
            <Element type="TextPart" count="0" x_position="0" y_position="0" width="0" height="0">
              <FontProperties>
                <Attribute name="font size" value="200"/>
                <Attribute name="font style" value="1"/>
              </FontProperties>
            <![CDATA[COGNOME]]>
            </Element>
          </Element>
        </Element>
        <Element type="Text" count="1" x2_position="0" y2_position="0" x_position="3000" y_position="120" width="1800" height="221">
          <CommonProperties>
            <Attribute name="horizontal align" value="1"/>
            <Attribute name="close border on page break" value="false"/>
            <Attribute name="quick info text" value=""/>
          </CommonProperties>
          <FontProperties>
            <Attribute name="font size" value="200"/>
            <Attribute name="font style" value="1"/>
          </FontProperties>
          <Element type="Paragraph" count="1" x_position="0" y_position="0" width="0" height="0">
            <CommonProperties>
              <Attribute name="horizontal align" value="1"/>
            </CommonProperties>
            <Element type="TextPart" count="0" x_position="0" y_position="0" width="0" height="0">
              <FontProperties>
                <Attribute name="font size" value="200"/>
                <Attribute name="font style" value="1"/>
              </FontProperties>
            <![CDATA[NOME]]>
            </Element>
          </Element>
        </Element>
        <Element type="Text" count="1" x2_position="0" y2_position="0" x_position="4920" y_position="120" width="1080" height="221">
          <CommonProperties>
            <Attribute name="horizontal align" value="1"/>
            <Attribute name="close border on page break" value="false"/>
            <Attribute name="quick info text" value=""/>
          </CommonProperties>
          <FontProperties>
            <Attribute name="font size" value="200"/>
            <Attribute name="font style" value="1"/>
          </FontProperties>
          <Element type="Paragraph" count="1" x_position="0" y_position="0" width="0" height="0">
            <CommonProperties>
              <Attribute name="horizontal align" value="1"/>
            </CommonProperties>
            <Element type="TextPart" count="0" x_position="0" y_position="0" width="0" height="0">
              <FontProperties>
                <Attribute name="font size" value="200"/>
                <Attribute name="font style" value="1"/>
              </FontProperties>
            <![CDATA[DATA]]>
            </Element>
          </Element>
        </Element>
        <Element type="Text" count="1" x2_position="0" y2_position="0" x_position="6120" y_position="120" width="1800" height="221">
          <CommonProperties>
            <Attribute name="horizontal align" value="1"/>
            <Attribute name="close border on page break" value="false"/>
            <Attribute name="quick info text" value=""/>
          </CommonProperties>
          <FontProperties>
            <Attribute name="font size" value="200"/>
            <Attribute name="font style" value="1"/>
          </FontProperties>
          <Element type="Paragraph" count="1" x_position="0" y_position="0" width="0" height="0">
            <CommonProperties>
              <Attribute name="horizontal align" value="1"/>
            </CommonProperties>
            <Element type="TextPart" count="0" x_position="0" y_position="0" width="0" height="0">
              <FontProperties>
                <Attribute name="font size" value="200"/>
                <Attribute name="font style" value="1"/>
              </FontProperties>
            <![CDATA[CELLULARE]]>
            </Element>
          </Element>
        </Element>
        <Element type="Text" count="1" x2_position="0" y2_position="0" x_position="8040" y_position="120" width="1320" height="221">
          <CommonProperties>
            <Attribute name="horizontal align" value="1"/>
            <Attribute name="close border on page break" value="false"/>
            <Attribute name="quick info text" value=""/>
          </CommonProperties>
          <FontProperties>
            <Attribute name="font size" value="200"/>
            <Attribute name="font style" value="1"/>
          </FontProperties>
          <Element type="Paragraph" count="1" x_position="0" y_position="0" width="0" height="0">
            <CommonProperties>
              <Attribute name="horizontal align" value="1"/>
            </CommonProperties>
            <Element type="TextPart" count="0" x_position="0" y_position="0" width="0" height="0">
              <FontProperties>
                <Attribute name="font size" value="200"/>
                <Attribute name="font style" value="1"/>
              </FontProperties>
            <![CDATA[FISSO]]>
            </Element>
          </Element>
        </Element>
        <Element type="Text" count="1" x2_position="0" y2_position="0" x_position="9480" y_position="120" width="1920" height="221">
          <CommonProperties>
            <Attribute name="horizontal align" value="1"/>
            <Attribute name="close border on page break" value="false"/>
            <Attribute name="quick info text" value=""/>
          </CommonProperties>
          <FontProperties>
            <Attribute name="font size" value="200"/>
            <Attribute name="font style" value="1"/>
          </FontProperties>
          <Element type="Paragraph" count="1" x_position="0" y_position="0" width="0" height="0">
            <CommonProperties>
              <Attribute name="horizontal align" value="1"/>
            </CommonProperties>
            <Element type="TextPart" count="0" x_position="0" y_position="0" width="0" height="0">
              <FontProperties>
                <Attribute name="font size" value="200"/>
                <Attribute name="font style" value="1"/>
              </FontProperties>
            <![CDATA[MAIL]]>
            </Element>
          </Element>
        </Element>
      </Section>
    </Area>
    <Area type="PageFooter" count="1">
      <AreaProperties>
        <Attribute name="suppress" value="true"/>
        <Attribute name="print at bottom of page" value="true"/>
        <Attribute name="new page after" value="true"/>
        <Attribute name="hold minimal pagefooter free" value="1"/>
      </AreaProperties>
      <Section type="PageFooter" count="0" width="11424" height="600" id="1">
        <SectionProperties>
          <Attribute name="suppress" value="true"/>
          <Attribute name="hold minimal pagefooter free" value="1"/>
        </SectionProperties>
      </Section>
    </Area>
  </AreaPair>

  <AreaPair type="ReportAreaPair" id="0">
    <Area type="ReportHeader" count="2">
      <AreaProperties>
        <Attribute name="drill down" value="false"/>
        <Attribute name="new page before" value="true"/>
        <Attribute name="keep together" value="false"/>
        <Attribute name="hold minimal pagefooter free" value="1"/>
      </AreaProperties>
      <Section type="ReportHeader" count="3" width="11424" height="708" id="2">
        <SectionProperties>
          <Attribute name="suppress" value="true"/>
          <Attribute name="hold minimal pagefooter free" value="1"/>
        </SectionProperties>
        <Element type="FieldElement" count="0" x_position="360" y_position="240" width="840" height="221">
          <CommonProperties>
            <Attribute name="horizontal align" value="1"/>
            <Attribute name="close border on page break" value="false"/>
            <Attribute name="quick info text" value=""/>
          </CommonProperties>
          <FontProperties>
            <Attribute name="font name" value="Arial"/>
            <Attribute name="font size" value="195"/>
          </FontProperties>
          <StringProperties>
            <Attribute name="line distance" value="0"/>
            <Attribute name="line distance normal" value="1"/>
          </StringProperties>
          <Reference name="field" type="PromptVarField" id="0" refname="?codcpi"/>
        </Element>
        <Element type="FieldElement" count="0" x_position="1800" y_position="240" width="1440" height="221">
          <CommonProperties>
            <Attribute name="horizontal align" value="1"/>
            <Attribute name="close border on page break" value="false"/>
            <Attribute name="quick info text" value=""/>
          </CommonProperties>
          <FontProperties>
            <Attribute name="font name" value="Arial"/>
            <Attribute name="font size" value="195"/>
          </FontProperties>
          <StringProperties>
            <Attribute name="line distance" value="0"/>
            <Attribute name="line distance normal" value="1"/>
          </StringProperties>
          <Reference name="field" type="PromptVarField" id="1" refname="?dataRicerca"/>
        </Element>
        <Element type="FieldElement" count="0" x_position="3840" y_position="240" width="1440" height="221">
          <CommonProperties>
            <Attribute name="horizontal align" value="1"/>
            <Attribute name="close border on page break" value="false"/>
            <Attribute name="quick info text" value=""/>
          </CommonProperties>
          <FontProperties>
            <Attribute name="font name" value="Arial"/>
            <Attribute name="font size" value="195"/>
          </FontProperties>
          <StringProperties>
            <Attribute name="line distance" value="0"/>
            <Attribute name="line distance normal" value="1"/>
          </StringProperties>
          <Reference name="field" type="PromptVarField" id="2" refname="?servizio"/>
        </Element>
      </Section>
      <Section type="ReportHeader" count="9" width="11424" height="795" id="3">
        <SectionProperties>
          <Attribute name="suppress" value="true"/>
          <Attribute name="hold minimal pagefooter free" value="1"/>
        </SectionProperties>
        <Element type="FieldElement" count="0" x_position="360" y_position="120" width="950" height="221">
          <CommonProperties>
            <Attribute name="horizontal align" value="1"/>
            <Attribute name="close border on page break" value="false"/>
            <Attribute name="quick info text" value=""/>
          </CommonProperties>
          <FontProperties>
            <Attribute name="font name" value="Arial"/>
            <Attribute name="font size" value="195"/>
          </FontProperties>
          <NumberProperties>
            <Attribute name="use system default format" value="false"/>
            <Attribute name="n decimal places" value="0"/>
            <Attribute name="rounding type" value="11"/>
            <Attribute name="currency symbol" value=""/>
          </NumberProperties>
          <Reference name="field" type="FormulaField" id="6" refname="@contatore"/>
        </Element>
        <Element type="FieldElement" count="0" x_position="1560" y_position="120" width="2640" height="221">
          <CommonProperties>
            <Attribute name="horizontal align" value="1"/>
            <Attribute name="close border on page break" value="false"/>
            <Attribute name="quick info text" value=""/>
          </CommonProperties>
          <FontProperties>
            <Attribute name="font name" value="Arial"/>
            <Attribute name="font size" value="195"/>
          </FontProperties>
          <StringProperties>
            <Attribute name="line distance" value="0"/>
            <Attribute name="line distance normal" value="1"/>
          </StringProperties>
          <Reference name="field" type="DatabaseField" id="6" refname="DE_STATO_APPUNTAMENTO.CODSTATOAPPUNTAMENTO"/>
        </Element>
        <Element type="FieldElement" count="0" x_position="4320" y_position="120" width="1877" height="221">
          <CommonProperties>
            <Attribute name="horizontal align" value="1"/>
            <Attribute name="close border on page break" value="false"/>
            <Attribute name="quick info text" value=""/>
          </CommonProperties>
          <FontProperties>
            <Attribute name="font name" value="Arial"/>
            <Attribute name="font size" value="195"/>
          </FontProperties>
          <DateProperties>
            <Attribute name="date order" value="1"/>
            <Attribute name="year type" value="1"/>
            <Attribute name="date first seperator" value="/"/>
            <Attribute name="date second seperator" value="/"/>
          </DateProperties>
          <TimeProperties>
            <Attribute name="time base" value="1"/>
            <Attribute name="hour type" value="1"/>
            <Attribute name="hour minute seperator" value="."/>
            <Attribute name="minute second seperator" value="."/>
            <Attribute name="am string" value=""/>
            <Attribute name="pm string" value=""/>
          </TimeProperties>
          <Reference name="field" type="DatabaseField" id="0" refname="AG_AGENDA.DTMDATAORA"/>
        </Element>
        <Element type="FieldElement" count="0" x_position="6360" y_position="120" width="1080" height="221">
          <CommonProperties>
            <Attribute name="horizontal align" value="1"/>
            <Attribute name="close border on page break" value="false"/>
            <Attribute name="quick info text" value=""/>
          </CommonProperties>
          <FontProperties>
            <Attribute name="font name" value="Arial"/>
            <Attribute name="font size" value="195"/>
          </FontProperties>
          <StringProperties>
            <Attribute name="line distance" value="0"/>
            <Attribute name="line distance normal" value="1"/>
          </StringProperties>
          <Reference name="field" type="DatabaseField" id="7" refname="DE_STATO_APPUNTAMENTO.FLGATTIVO"/>
        </Element>
        <Element type="FieldElement" count="0" x_position="7680" y_position="120" width="1560" height="221">
          <CommonProperties>
            <Attribute name="horizontal align" value="1"/>
            <Attribute name="close border on page break" value="false"/>
            <Attribute name="quick info text" value=""/>
          </CommonProperties>
          <FontProperties>
            <Attribute name="font name" value="Arial"/>
            <Attribute name="font size" value="195"/>
          </FontProperties>
          <StringProperties>
            <Attribute name="line distance" value="0"/>
            <Attribute name="line distance normal" value="1"/>
          </StringProperties>
          <Reference name="field" type="DatabaseField" id="4" refname="AN_LAVORATORE.STRCELL"/>
        </Element>
        <Element type="FieldElement" count="0" x_position="9240" y_position="120" width="1080" height="221">
          <CommonProperties>
            <Attribute name="horizontal align" value="1"/>
            <Attribute name="close border on page break" value="false"/>
            <Attribute name="quick info text" value=""/>
          </CommonProperties>
          <FontProperties>
            <Attribute name="font name" value="Arial"/>
            <Attribute name="font size" value="195"/>
          </FontProperties>
          <StringProperties>
            <Attribute name="line distance" value="0"/>
            <Attribute name="line distance normal" value="1"/>
          </StringProperties>
          <Reference name="field" type="DatabaseField" id="5" refname="AN_LAVORATORE.STREMAIL"/>
        </Element>
        <Element type="FieldElement" count="0" x_position="360" y_position="480" width="1200" height="221">
          <CommonProperties>
            <Attribute name="horizontal align" value="1"/>
            <Attribute name="close border on page break" value="false"/>
            <Attribute name="quick info text" value=""/>
          </CommonProperties>
          <FontProperties>
            <Attribute name="font name" value="Arial"/>
            <Attribute name="font size" value="195"/>
          </FontProperties>
          <StringProperties>
            <Attribute name="line distance" value="0"/>
            <Attribute name="line distance normal" value="1"/>
          </StringProperties>
          <Reference name="field" type="DatabaseField" id="3" refname="AN_LAVORATORE.STRTELDOM"/>
        </Element>
        <Element type="FieldElement" count="0" x_position="1680" y_position="480" width="1320" height="221">
          <CommonProperties>
            <Attribute name="horizontal align" value="1"/>
            <Attribute name="close border on page break" value="false"/>
            <Attribute name="quick info text" value=""/>
          </CommonProperties>
          <FontProperties>
            <Attribute name="font name" value="Arial"/>
            <Attribute name="font size" value="195"/>
          </FontProperties>
          <StringProperties>
            <Attribute name="line distance" value="0"/>
            <Attribute name="line distance normal" value="1"/>
          </StringProperties>
          <Reference name="field" type="DatabaseField" id="2" refname="AN_LAVORATORE.STRTELRES"/>
        </Element>
        <Element type="FieldElement" count="0" x_position="3240" y_position="480" width="1877" height="221">
          <CommonProperties>
            <Attribute name="horizontal align" value="1"/>
            <Attribute name="close border on page break" value="false"/>
            <Attribute name="quick info text" value=""/>
          </CommonProperties>
          <FontProperties>
            <Attribute name="font name" value="Arial"/>
            <Attribute name="font size" value="195"/>
          </FontProperties>
          <DateProperties>
            <Attribute name="date order" value="1"/>
            <Attribute name="year type" value="1"/>
            <Attribute name="date first seperator" value="/"/>
            <Attribute name="date second seperator" value="/"/>
          </DateProperties>
          <TimeProperties>
            <Attribute name="time base" value="1"/>
            <Attribute name="hour type" value="1"/>
            <Attribute name="hour minute seperator" value="."/>
            <Attribute name="minute second seperator" value="."/>
            <Attribute name="am string" value=""/>
            <Attribute name="pm string" value=""/>
          </TimeProperties>
          <Reference name="field" type="DatabaseField" id="1" refname="AN_LAVORATORE.DATNASC"/>
        </Element>
      </Section>
    </Area>
    <Area type="ReportFooter" count="1">
      <AreaProperties>
        <Attribute name="suppress" value="true"/>
        <Attribute name="new page after" value="true"/>
        <Attribute name="keep together" value="false"/>
        <Attribute name="hold minimal pagefooter free" value="1"/>
      </AreaProperties>
      <Section type="ReportFooter" count="0" width="11424" height="600" id="4">
        <SectionProperties>
          <Attribute name="suppress" value="true"/>
          <Attribute name="hold minimal pagefooter free" value="1"/>
        </SectionProperties>
      </Section>
    </Area>
  </AreaPair>

  <AreaPair type="DetailArea" id="1">
    <Area type="Detail" count="1">
      <AreaProperties>
        <Attribute name="drill down" value="false"/>
        <Attribute name="keep together" value="false"/>
        <Attribute name="multiple column section" value="false"/>
        <Attribute name="hold minimal pagefooter free" value="1"/>
      </AreaProperties>
      <Section type="Detail" count="7" width="11424" height="341" id="5">
        <SectionProperties>
          <Attribute name="drill down" value="false"/>
          <Attribute name="multiple column section" value="false"/>
          <Attribute name="hold minimal pagefooter free" value="1"/>
        </SectionProperties>
        <Element type="FieldElement" count="0" x_position="1200" y_position="120" width="1680" height="221">
          <CommonProperties>
            <Attribute name="horizontal align" value="1"/>
            <Attribute name="close border on page break" value="false"/>
            <Attribute name="can grow" value="true"/>
            <Attribute name="quick info text" value=""/>
          </CommonProperties>
          <FontProperties>
            <Attribute name="font name" value="Arial"/>
          </FontProperties>
          <StringProperties>
            <Attribute name="line distance" value="0"/>
            <Attribute name="line distance normal" value="1"/>
          </StringProperties>
          <Reference name="field" type="FormulaField" id="0" refname="@Cognome"/>
        </Element>
        <Element type="FieldElement" count="0" x_position="3000" y_position="120" width="1800" height="221">
          <CommonProperties>
            <Attribute name="horizontal align" value="1"/>
            <Attribute name="close border on page break" value="false"/>
            <Attribute name="can grow" value="true"/>
            <Attribute name="quick info text" value=""/>
          </CommonProperties>
          <FontProperties>
            <Attribute name="font name" value="Arial"/>
          </FontProperties>
          <StringProperties>
            <Attribute name="line distance" value="0"/>
            <Attribute name="line distance normal" value="1"/>
          </StringProperties>
          <Reference name="field" type="FormulaField" id="1" refname="@Nome"/>
        </Element>
        <Element type="FieldElement" count="0" x_position="6120" y_position="120" width="1800" height="221">
          <CommonProperties>
            <Attribute name="suppress" value="true"/>
            <Attribute name="horizontal align" value="1"/>
            <Attribute name="close border on page break" value="false"/>
            <Attribute name="quick info text" value=""/>
            <PropertyFormula valueType="8" propertyType="suppress">
              <Attribute name="name" value="suppress"/>
              <Attribute name="shortName" value="Object_Visibility"/>
              <Attribute name="operation" value="0"/>
              <Attribute name="summary_nth" value="0"/>
              <Attribute name="basic syntax" value="false"/>
              <![CDATA[{@Cognome} = ""]]>
            </PropertyFormula>
          </CommonProperties>
          <FontProperties>
            <Attribute name="font name" value="Arial"/>
            <Attribute name="font size" value="195"/>
          </FontProperties>
          <StringProperties>
            <Attribute name="line distance" value="0"/>
            <Attribute name="line distance normal" value="1"/>
          </StringProperties>
          <Reference name="field" type="FormulaField" id="3" refname="@cellulare"/>
        </Element>
        <Element type="FieldElement" count="0" x_position="8040" y_position="120" width="1320" height="221">
          <CommonProperties>
            <Attribute name="suppress" value="true"/>
            <Attribute name="horizontal align" value="1"/>
            <Attribute name="close border on page break" value="false"/>
            <Attribute name="quick info text" value=""/>
            <PropertyFormula valueType="8" propertyType="suppress">
              <Attribute name="name" value="suppress"/>
              <Attribute name="shortName" value="Object_Visibility"/>
              <Attribute name="operation" value="0"/>
              <Attribute name="summary_nth" value="0"/>
              <Attribute name="basic syntax" value="false"/>
              <![CDATA[{@Cognome} = ""]]>
            </PropertyFormula>
          </CommonProperties>
          <FontProperties>
            <Attribute name="font name" value="Arial"/>
            <Attribute name="font size" value="195"/>
          </FontProperties>
          <StringProperties>
            <Attribute name="line distance" value="0"/>
            <Attribute name="line distance normal" value="1"/>
          </StringProperties>
          <Reference name="field" type="FormulaField" id="4" refname="@telFissoDom"/>
        </Element>
        <Element type="FieldElement" count="0" x_position="9480" y_position="120" width="1920" height="221">
          <CommonProperties>
            <Attribute name="suppress" value="true"/>
            <Attribute name="horizontal align" value="1"/>
            <Attribute name="close border on page break" value="false"/>
            <Attribute name="quick info text" value=""/>
            <PropertyFormula valueType="8" propertyType="suppress">
              <Attribute name="name" value="suppress"/>
              <Attribute name="shortName" value="Object_Visibility"/>
              <Attribute name="operation" value="0"/>
              <Attribute name="summary_nth" value="0"/>
              <Attribute name="basic syntax" value="false"/>
              <![CDATA[{@Cognome} = ""]]>
            </PropertyFormula>
          </CommonProperties>
          <FontProperties>
            <Attribute name="font name" value="Arial"/>
            <Attribute name="font size" value="195"/>
          </FontProperties>
          <StringProperties>
            <Attribute name="line distance" value="0"/>
            <Attribute name="line distance normal" value="1"/>
          </StringProperties>
          <Reference name="field" type="FormulaField" id="5" refname="@mail"/>
        </Element>
        <Element type="FieldElement" count="0" x_position="120" y_position="120" width="960" height="221">
          <CommonProperties>
            <Attribute name="suppress" value="true"/>
            <Attribute name="horizontal align" value="1"/>
            <Attribute name="close border on page break" value="false"/>
            <Attribute name="quick info text" value=""/>
            <PropertyFormula valueType="8" propertyType="suppress">
              <Attribute name="name" value="suppress"/>
              <Attribute name="shortName" value="Object_Visibility"/>
              <Attribute name="operation" value="0"/>
              <Attribute name="summary_nth" value="0"/>
              <Attribute name="basic syntax" value="false"/>
              <![CDATA[{@Cognome} = ""]]>
            </PropertyFormula>
          </CommonProperties>
          <FontProperties>
            <Attribute name="font name" value="Arial"/>
            <Attribute name="font size" value="195"/>
          </FontProperties>
          <NumberProperties>
            <Attribute name="use system default format" value="false"/>
            <Attribute name="n decimal places" value="0"/>
            <Attribute name="rounding type" value="11"/>
            <Attribute name="currency symbol" value=""/>
          </NumberProperties>
          <Reference name="field" type="FormulaField" id="7" refname="@riga"/>
        </Element>
        <Element type="FieldElement" count="0" x_position="4920" y_position="120" width="1080" height="221">
          <CommonProperties>
            <Attribute name="suppress" value="true"/>
            <Attribute name="horizontal align" value="1"/>
            <Attribute name="close border on page break" value="false"/>
            <Attribute name="quick info text" value=""/>
            <PropertyFormula valueType="8" propertyType="suppress">
              <Attribute name="name" value="suppress"/>
              <Attribute name="shortName" value="Object_Visibility"/>
              <Attribute name="operation" value="0"/>
              <Attribute name="summary_nth" value="0"/>
              <Attribute name="basic syntax" value="false"/>
              <![CDATA[{@Cognome} = ""]]>
            </PropertyFormula>
          </CommonProperties>
          <FontProperties>
            <Attribute name="font name" value="Arial"/>
            <Attribute name="font size" value="195"/>
          </FontProperties>
          <DateProperties>
            <Attribute name="use system default format" value="false"/>
            <Attribute name="date windows default type" value="2"/>
            <Attribute name="date order" value="1"/>
            <Attribute name="year type" value="1"/>
            <Attribute name="date first seperator" value="/"/>
            <Attribute name="date second seperator" value="/"/>
          </DateProperties>
          <TimeProperties>
            <Attribute name="use system default format" value="false"/>
            <Attribute name="time base" value="1"/>
            <Attribute name="hour type" value="1"/>
            <Attribute name="hour minute seperator" value="."/>
            <Attribute name="minute second seperator" value="."/>
            <Attribute name="am string" value=""/>
            <Attribute name="pm string" value=""/>
          </TimeProperties>
          <DateTimeProperties>
            <Attribute name="date time order" value="2"/>
          </DateTimeProperties>
          <Reference name="field" type="DatabaseField" id="1" refname="AN_LAVORATORE.DATNASC"/>
        </Element>
      </Section>
    </Area>
  </AreaPair>

</inet:Report>
